<html>
<body>
<pre>
<h1>µVision Build Log</h1>
<h2>Tool Versions:</h2>
IDE-Version: µVision V5.36.0.0
Copyright (C) 2021 ARM Ltd and ARM Germany GmbH. All rights reserved.
License Information: Andrew Perdezhok, Leti, LIC=LSNXV-PT6VL-JJB6S-L1R63-4ZUPN-8EWA9
 
Tool Versions:
Toolchain:       MDK-ARM Plus  Version: 5.36.0.0
Toolchain Path:  D:\Andrew\Keil\ARM\ARMCLANG\Bin
C Compiler:      ArmClang.exe V6.16
Assembler:       Armasm.exe V6.16
Linker/Locator:  ArmLink.exe V6.16
Library Manager: ArmAr.exe V6.16
Hex Converter:   FromElf.exe V6.16
CPU DLL:         SARMCM3.DLL V5.36.0.0
Dialog DLL:      DCM.DLL V1.17.3.0
Target DLL:      STLink\ST-LINKIII-KEIL_SWO.dll V3.0.9.0
Dialog DLL:      TCM.DLL V1.53.0.0
 
<h2>Project:</h2>
D:\Andrew\MICROCONTROLLERS\PWM\MDK-ARM\PWM.uvprojx
Project File Date:  04/14/2026

<h2>Output:</h2>
*** Using Compiler 'V6.16', folder: 'D:\Andrew\Keil\ARM\ARMCLANG\Bin'
Build target 'PWM'
assembling startup_stm32g431xx.s...
compiling Measure.c...
compiling adc.c...
linking...
Program Size: Code=11028 RO-data=1032 RW-data=20 ZI-data=2476  
FromELF: creating hex file...
"PWM\PWM.axf" - 0 Error(s), 0 Warning(s).

<h2>Software Packages used:</h2>

Package Vendor: ARM
                http://www.keil.com/pack/ARM.CMSIS.5.8.0.pack
                ARM.CMSIS.5.8.0
                CMSIS (Common Microcontroller Software Interface Standard)
   * Component: CORE Version: 5.5.0

Package Vendor: Keil
                http://www.keil.com/pack/Keil.STM32G4xx_DFP.1.4.0.pack
                Keil.STM32G4xx_DFP.1.4.0
                STMicroelectronics STM32G4 Series Device Support, Drivers and Examples

<h2>Collection of Component include folders:</h2>
  .\RTE\_PWM
  D:\Andrew\Keil\keilPacks\ARM\CMSIS\5.8.0\CMSIS\Core\Include
  D:\Andrew\Keil\keilPacks\Keil\STM32G4xx_DFP\1.4.0\Drivers\CMSIS\Device\ST\STM32G4xx\Include

<h2>Collection of Component Files used:</h2>

   * Component: ARM::CMSIS:CORE:5.5.0
      Include file:  CMSIS\Core\Include\tz_context.h
Build Time Elapsed:  00:00:00
</pre>
</body>
</html>
