Component: ARM Compiler 6.16 Tool: armlink [5dfeaa00]

==============================================================================

Section Cross References

    startup_stm32g431xx.o(STACK) refers (Special) to heapauxi.o(.text) for __use_two_region_memory
    startup_stm32g431xx.o(HEAP) refers (Special) to heapauxi.o(.text) for __use_two_region_memory
    startup_stm32g431xx.o(RESET) refers (Special) to heapauxi.o(.text) for __use_two_region_memory
    startup_stm32g431xx.o(RESET) refers to startup_stm32g431xx.o(STACK) for __initial_sp
    startup_stm32g431xx.o(RESET) refers to startup_stm32g431xx.o(.text) for Reset_Handler
    startup_stm32g431xx.o(RESET) refers to dma.o(.text.DMA1_Channel1_IRQHandler) for DMA1_Channel1_IRQHandler
    startup_stm32g431xx.o(RESET) refers to stm32g4xx_it.o(.text.TIM2_IRQHandler) for TIM2_IRQHandler
    startup_stm32g431xx.o(RESET) refers to sine.o(.text.TIM6_DAC_IRQHandler) for TIM6_DAC_IRQHandler
    startup_stm32g431xx.o(.text) refers (Special) to heapauxi.o(.text) for __use_two_region_memory
    startup_stm32g431xx.o(.text) refers to system_stm32g4xx.o(.text.SystemInit) for SystemInit
    startup_stm32g431xx.o(.text) refers to __main.o(!!!main) for __main
    startup_stm32g431xx.o(.text) refers to startup_stm32g431xx.o(HEAP) for Heap_Mem
    startup_stm32g431xx.o(.text) refers to startup_stm32g431xx.o(STACK) for Stack_Mem
    sine.o(.text.getDuty) refers to sine.o(.rodata.dutyLookupTable) for dutyLookupTable
    sine.o(.ARM.exidx.text.getDuty) refers to sine.o(.text.getDuty) for [Anonymous Symbol]
    sine.o(.text.TIM6_DAC_IRQHandler) refers to sine.o(.data.phase) for phase
    sine.o(.text.TIM6_DAC_IRQHandler) refers to sine.o(.text.getDuty) for getDuty
    sine.o(.text.TIM6_DAC_IRQHandler) refers to measure.o(.text.calcNumMeasure) for calcNumMeasure
    sine.o(.ARM.exidx.text.TIM6_DAC_IRQHandler) refers to sine.o(.text.TIM6_DAC_IRQHandler) for [Anonymous Symbol]
    measure.o(.ARM.exidx.text.calcNumMeasure) refers to measure.o(.text.calcNumMeasure) for [Anonymous Symbol]
    main.o(.ARM.exidx.text.TIM6_start) refers to main.o(.text.TIM6_start) for [Anonymous Symbol]
    main.o(.ARM.exidx.text.TIM2_config) refers to main.o(.text.TIM2_config) for [Anonymous Symbol]
    main.o(.ARM.exidx.text.TIM2_start) refers to main.o(.text.TIM2_start) for [Anonymous Symbol]
    main.o(.ARM.exidx.text.TIM1_config) refers to main.o(.text.TIM1_config) for [Anonymous Symbol]
    main.o(.ARM.exidx.text.TIM1_start) refers to main.o(.text.TIM1_start) for [Anonymous Symbol]
    main.o(.ARM.exidx.text.DMA_ADC_config) refers to main.o(.text.DMA_ADC_config) for [Anonymous Symbol]
    main.o(.ARM.exidx.text.ADC_restart) refers to main.o(.text.ADC_restart) for [Anonymous Symbol]
    main.o(.text.main) refers to stm32g4xx_hal.o(.text.HAL_Init) for HAL_Init
    main.o(.text.main) refers to main.o(.text.SystemClock_Config) for SystemClock_Config
    main.o(.text.main) refers to gpio.o(.text.MX_GPIO_Init) for MX_GPIO_Init
    main.o(.text.main) refers to dma.o(.text.MX_DMA_Init) for MX_DMA_Init
    main.o(.text.main) refers to tim.o(.text.MX_TIM1_Init) for MX_TIM1_Init
    main.o(.text.main) refers to tim.o(.text.MX_TIM6_Init) for MX_TIM6_Init
    main.o(.text.main) refers to adc.o(.text.MX_ADC1_Init) for MX_ADC1_Init
    main.o(.text.main) refers to tim.o(.text.MX_TIM2_Init) for MX_TIM2_Init
    main.o(.text.main) refers to measure.o(.text.calcNumMeasure) for calcNumMeasure
    main.o(.text.main) refers to main.o(.bss.adc_results) for adc_results
    main.o(.text.main) refers to main.o(.text.DMA_ADC_config) for DMA_ADC_config
    main.o(.text.main) refers to main.o(.text.TIM1_config) for TIM1_config
    main.o(.text.main) refers to main.o(.text.TIM1_start) for TIM1_start
    main.o(.text.main) refers to main.o(.text.TIM6_start) for TIM6_start
    main.o(.ARM.exidx.text.main) refers to main.o(.text.main) for [Anonymous Symbol]
    main.o(.text.SystemClock_Config) refers to rt_memclr_w.o(.text) for __aeabi_memclr4
    main.o(.text.SystemClock_Config) refers to stm32g4xx_hal_pwr_ex.o(.text.HAL_PWREx_ControlVoltageScaling) for HAL_PWREx_ControlVoltageScaling
    main.o(.text.SystemClock_Config) refers to stm32g4xx_hal_rcc.o(.text.HAL_RCC_OscConfig) for HAL_RCC_OscConfig
    main.o(.text.SystemClock_Config) refers to stm32g4xx_hal_rcc.o(.text.HAL_RCC_ClockConfig) for HAL_RCC_ClockConfig
    main.o(.text.SystemClock_Config) refers to main.o(.text.Error_Handler) for Error_Handler
    main.o(.ARM.exidx.text.SystemClock_Config) refers to main.o(.text.SystemClock_Config) for [Anonymous Symbol]
    main.o(.ARM.exidx.text.Error_Handler) refers to main.o(.text.Error_Handler) for [Anonymous Symbol]
    gpio.o(.text.MX_GPIO_Init) refers to stm32g4xx_hal_gpio.o(.text.HAL_GPIO_WritePin) for HAL_GPIO_WritePin
    gpio.o(.text.MX_GPIO_Init) refers to stm32g4xx_hal_gpio.o(.text.HAL_GPIO_Init) for HAL_GPIO_Init
    gpio.o(.ARM.exidx.text.MX_GPIO_Init) refers to gpio.o(.text.MX_GPIO_Init) for [Anonymous Symbol]
[...]
    Removing stm32g4xx_hal_tim_ex.o(.ARM.exidx.text.HAL_TIMEx_PWMN_Stop_IT), (8 bytes).
    Removing stm32g4xx_hal_tim_ex.o(.text.HAL_TIMEx_PWMN_Start_DMA), (548 bytes).
    Removing stm32g4xx_hal_tim_ex.o(.ARM.exidx.text.HAL_TIMEx_PWMN_Start_DMA), (8 bytes).
    Removing stm32g4xx_hal_tim_ex.o(.text.HAL_TIMEx_PWMN_Stop_DMA), (210 bytes).
    Removing stm32g4xx_hal_tim_ex.o(.ARM.exidx.text.HAL_TIMEx_PWMN_Stop_DMA), (8 bytes).
    Removing stm32g4xx_hal_tim_ex.o(.text.HAL_TIMEx_OnePulseN_Start), (102 bytes).
    Removing stm32g4xx_hal_tim_ex.o(.ARM.exidx.text.HAL_TIMEx_OnePulseN_Start), (8 bytes).
    Removing stm32g4xx_hal_tim_ex.o(.text.HAL_TIMEx_OnePulseN_Stop), (106 bytes).
    Removing stm32g4xx_hal_tim_ex.o(.ARM.exidx.text.HAL_TIMEx_OnePulseN_Stop), (8 bytes).
    Removing stm32g4xx_hal_tim_ex.o(.text.HAL_TIMEx_OnePulseN_Start_IT), (118 bytes).
    Removing stm32g4xx_hal_tim_ex.o(.ARM.exidx.text.HAL_TIMEx_OnePulseN_Start_IT), (8 bytes).
    Removing stm32g4xx_hal_tim_ex.o(.text.HAL_TIMEx_OnePulseN_Stop_IT), (122 bytes).
    Removing stm32g4xx_hal_tim_ex.o(.ARM.exidx.text.HAL_TIMEx_OnePulseN_Stop_IT), (8 bytes).
    Removing stm32g4xx_hal_tim_ex.o(.text.HAL_TIMEx_ConfigCommutEvent), (182 bytes).
    Removing stm32g4xx_hal_tim_ex.o(.ARM.exidx.text.HAL_TIMEx_ConfigCommutEvent), (8 bytes).
    Removing stm32g4xx_hal_tim_ex.o(.text.HAL_TIMEx_ConfigCommutEvent_IT), (182 bytes).
    Removing stm32g4xx_hal_tim_ex.o(.ARM.exidx.text.HAL_TIMEx_ConfigCommutEvent_IT), (8 bytes).
    Removing stm32g4xx_hal_tim_ex.o(.text.HAL_TIMEx_ConfigCommutEvent_DMA), (222 bytes).
    Removing stm32g4xx_hal_tim_ex.o(.ARM.exidx.text.HAL_TIMEx_ConfigCommutEvent_DMA), (8 bytes).
    Removing stm32g4xx_hal_tim_ex.o(.text.TIMEx_DMACommutationCplt), (16 bytes).
    Removing stm32g4xx_hal_tim_ex.o(.ARM.exidx.text.TIMEx_DMACommutationCplt), (8 bytes).
    Removing stm32g4xx_hal_tim_ex.o(.text.TIMEx_DMACommutationHalfCplt), (16 bytes).
    Removing stm32g4xx_hal_tim_ex.o(.ARM.exidx.text.TIMEx_DMACommutationHalfCplt), (8 bytes).
    Removing stm32g4xx_hal_tim_ex.o(.ARM.exidx.text.HAL_TIMEx_MasterConfigSynchronization), (8 bytes).
    Removing stm32g4xx_hal_tim_ex.o(.ARM.exidx.text.HAL_TIMEx_ConfigBreakDeadTime), (8 bytes).
    Removing stm32g4xx_hal_tim_ex.o(.text.HAL_TIMEx_ConfigBreakInput), (204 bytes).
    Removing stm32g4xx_hal_tim_ex.o(.ARM.exidx.text.HAL_TIMEx_ConfigBreakInput), (8 bytes).
    Removing stm32g4xx_hal_tim_ex.o(.text.HAL_TIMEx_RemapConfig), (34 bytes).
    Removing stm32g4xx_hal_tim_ex.o(.ARM.exidx.text.HAL_TIMEx_RemapConfig), (8 bytes).
    Removing stm32g4xx_hal_tim_ex.o(.text.HAL_TIMEx_TISelection), (134 bytes).
    Removing stm32g4xx_hal_tim_ex.o(.ARM.exidx.text.HAL_TIMEx_TISelection), (8 bytes).
    Removing stm32g4xx_hal_tim_ex.o(.text.HAL_TIMEx_GroupChannel5), (48 bytes).
    Removing stm32g4xx_hal_tim_ex.o(.ARM.exidx.text.HAL_TIMEx_GroupChannel5), (8 bytes).
    Removing stm32g4xx_hal_tim_ex.o(.text.HAL_TIMEx_DisarmBreakInput), (76 bytes).
    Removing stm32g4xx_hal_tim_ex.o(.ARM.exidx.text.HAL_TIMEx_DisarmBreakInput), (8 bytes).
    Removing stm32g4xx_hal_tim_ex.o(.text.HAL_TIMEx_ReArmBreakInput), (130 bytes).
    Removing stm32g4xx_hal_tim_ex.o(.ARM.exidx.text.HAL_TIMEx_ReArmBreakInput), (8 bytes).
    Removing stm32g4xx_hal_tim_ex.o(.text.HAL_TIMEx_DitheringEnable), (14 bytes).
    Removing stm32g4xx_hal_tim_ex.o(.ARM.exidx.text.HAL_TIMEx_DitheringEnable), (8 bytes).
    Removing stm32g4xx_hal_tim_ex.o(.text.HAL_TIMEx_DitheringDisable), (14 bytes).
    Removing stm32g4xx_hal_tim_ex.o(.ARM.exidx.text.HAL_TIMEx_DitheringDisable), (8 bytes).
    Removing stm32g4xx_hal_tim_ex.o(.text.HAL_TIMEx_OC_ConfigPulseOnCompare), (56 bytes).
    Removing stm32g4xx_hal_tim_ex.o(.ARM.exidx.text.HAL_TIMEx_OC_ConfigPulseOnCompare), (8 bytes).
    Removing stm32g4xx_hal_tim_ex.o(.text.HAL_TIMEx_ConfigSlaveModePreload), (16 bytes).
    Removing stm32g4xx_hal_tim_ex.o(.ARM.exidx.text.HAL_TIMEx_ConfigSlaveModePreload), (8 bytes).
    Removing stm32g4xx_hal_tim_ex.o(.text.HAL_TIMEx_EnableSlaveModePreload), (14 bytes).
    Removing stm32g4xx_hal_tim_ex.o(.ARM.exidx.text.HAL_TIMEx_EnableSlaveModePreload), (8 bytes).
    Removing stm32g4xx_hal_tim_ex.o(.text.HAL_TIMEx_DisableSlaveModePreload), (14 bytes).
    Removing stm32g4xx_hal_tim_ex.o(.ARM.exidx.text.HAL_TIMEx_DisableSlaveModePreload), (8 bytes).
    Removing stm32g4xx_hal_tim_ex.o(.ARM.exidx.text.HAL_TIMEx_EnableDeadTimePreload), (8 bytes).
    Removing stm32g4xx_hal_tim_ex.o(.text.HAL_TIMEx_DisableDeadTimePreload), (14 bytes).
    Removing stm32g4xx_hal_tim_ex.o(.ARM.exidx.text.HAL_TIMEx_DisableDeadTimePreload), (8 bytes).
    Removing stm32g4xx_hal_tim_ex.o(.text.HAL_TIMEx_ConfigDeadTime), (16 bytes).
    Removing stm32g4xx_hal_tim_ex.o(.ARM.exidx.text.HAL_TIMEx_ConfigDeadTime), (8 bytes).
    Removing stm32g4xx_hal_tim_ex.o(.text.HAL_TIMEx_ConfigAsymmetricalDeadTime), (16 bytes).
    Removing stm32g4xx_hal_tim_ex.o(.ARM.exidx.text.HAL_TIMEx_ConfigAsymmetricalDeadTime), (8 bytes).
    Removing stm32g4xx_hal_tim_ex.o(.text.HAL_TIMEx_EnableAsymmetricalDeadTime), (14 bytes).
    Removing stm32g4xx_hal_tim_ex.o(.ARM.exidx.text.HAL_TIMEx_EnableAsymmetricalDeadTime), (8 bytes).
    Removing stm32g4xx_hal_tim_ex.o(.text.HAL_TIMEx_DisableAsymmetricalDeadTime), (14 bytes).
    Removing stm32g4xx_hal_tim_ex.o(.ARM.exidx.text.HAL_TIMEx_DisableAsymmetricalDeadTime), (8 bytes).
    Removing stm32g4xx_hal_tim_ex.o(.text.HAL_TIMEx_ConfigEncoderIndex), (78 bytes).
    Removing stm32g4xx_hal_tim_ex.o(.ARM.exidx.text.HAL_TIMEx_ConfigEncoderIndex), (8 bytes).
    Removing stm32g4xx_hal_tim_ex.o(.text.HAL_TIMEx_EnableEncoderIndex), (14 bytes).
    Removing stm32g4xx_hal_tim_ex.o(.ARM.exidx.text.HAL_TIMEx_EnableEncoderIndex), (8 bytes).
    Removing stm32g4xx_hal_tim_ex.o(.text.HAL_TIMEx_DisableEncoderIndex), (14 bytes).
    Removing stm32g4xx_hal_tim_ex.o(.ARM.exidx.text.HAL_TIMEx_DisableEncoderIndex), (8 bytes).
    Removing stm32g4xx_hal_tim_ex.o(.text.HAL_TIMEx_EnableEncoderFirstIndex), (14 bytes).
    Removing stm32g4xx_hal_tim_ex.o(.ARM.exidx.text.HAL_TIMEx_EnableEncoderFirstIndex), (8 bytes).
    Removing stm32g4xx_hal_tim_ex.o(.text.HAL_TIMEx_DisableEncoderFirstIndex), (14 bytes).
    Removing stm32g4xx_hal_tim_ex.o(.ARM.exidx.text.HAL_TIMEx_DisableEncoderFirstIndex), (8 bytes).
    Removing stm32g4xx_hal_tim_ex.o(.text.HAL_TIMEx_CommutCallback), (2 bytes).
    Removing stm32g4xx_hal_tim_ex.o(.ARM.exidx.text.HAL_TIMEx_CommutCallback), (8 bytes).
    Removing stm32g4xx_hal_tim_ex.o(.text.HAL_TIMEx_CommutHalfCpltCallback), (2 bytes).
    Removing stm32g4xx_hal_tim_ex.o(.ARM.exidx.text.HAL_TIMEx_CommutHalfCpltCallback), (8 bytes).
    Removing stm32g4xx_hal_tim_ex.o(.text.HAL_TIMEx_BreakCallback), (2 bytes).
    Removing stm32g4xx_hal_tim_ex.o(.ARM.exidx.text.HAL_TIMEx_BreakCallback), (8 bytes).
    Removing stm32g4xx_hal_tim_ex.o(.text.HAL_TIMEx_Break2Callback), (2 bytes).
    Removing stm32g4xx_hal_tim_ex.o(.ARM.exidx.text.HAL_TIMEx_Break2Callback), (8 bytes).
    Removing stm32g4xx_hal_tim_ex.o(.text.HAL_TIMEx_EncoderIndexCallback), (2 bytes).
    Removing stm32g4xx_hal_tim_ex.o(.ARM.exidx.text.HAL_TIMEx_EncoderIndexCallback), (8 bytes).
    Removing stm32g4xx_hal_tim_ex.o(.text.HAL_TIMEx_DirectionChangeCallback), (2 bytes).
    Removing stm32g4xx_hal_tim_ex.o(.ARM.exidx.text.HAL_TIMEx_DirectionChangeCallback), (8 bytes).
    Removing stm32g4xx_hal_tim_ex.o(.text.HAL_TIMEx_IndexErrorCallback), (2 bytes).
    Removing stm32g4xx_hal_tim_ex.o(.ARM.exidx.text.HAL_TIMEx_IndexErrorCallback), (8 bytes).
    Removing stm32g4xx_hal_tim_ex.o(.text.HAL_TIMEx_TransitionErrorCallback), (2 bytes).
    Removing stm32g4xx_hal_tim_ex.o(.ARM.exidx.text.HAL_TIMEx_TransitionErrorCallback), (8 bytes).
    Removing stm32g4xx_hal_tim_ex.o(.text.HAL_TIMEx_HallSensor_GetState), (6 bytes).
    Removing stm32g4xx_hal_tim_ex.o(.ARM.exidx.text.HAL_TIMEx_HallSensor_GetState), (8 bytes).
    Removing stm32g4xx_hal_tim_ex.o(.text.HAL_TIMEx_GetChannelNState), (32 bytes).
    Removing stm32g4xx_hal_tim_ex.o(.ARM.exidx.text.HAL_TIMEx_GetChannelNState), (8 bytes).
    Removing system_stm32g4xx.o(.text), (0 bytes).
    Removing system_stm32g4xx.o(.ARM.exidx.text.SystemInit), (8 bytes).
    Removing system_stm32g4xx.o(.text.SystemCoreClockUpdate), (150 bytes).
    Removing system_stm32g4xx.o(.ARM.exidx.text.SystemCoreClockUpdate), (8 bytes).
    Removing system_stm32g4xx.o(.rodata.APBPrescTable), (8 bytes).

1095 unused section(s) (total 46858 bytes) removed from the image.

==============================================================================

Image Symbol Table

    Local Symbols

    Symbol Name                              Value     Ov Type        Size  Object(Section)

    ../clib/angel/boardlib.s                 0x00000000   Number         0  boardinit1.o ABSOLUTE
    ../clib/angel/boardlib.s                 0x00000000   Number         0  boardinit2.o ABSOLUTE
    ../clib/angel/boardlib.s                 0x00000000   Number         0  boardinit3.o ABSOLUTE
    ../clib/angel/boardlib.s                 0x00000000   Number         0  boardshut.o ABSOLUTE
    ../clib/angel/handlers.s                 0x00000000   Number         0  __scatter_copy.o ABSOLUTE
    ../clib/angel/handlers.s                 0x00000000   Number         0  __scatter_zi.o ABSOLUTE
    ../clib/angel/kernel.s                   0x00000000   Number         0  __rtentry.o ABSOLUTE
    ../clib/angel/kernel.s                   0x00000000   Number         0  __rtentry2.o ABSOLUTE
    ../clib/angel/kernel.s                   0x00000000   Number         0  __rtentry4.o ABSOLUTE
    ../clib/angel/kernel.s                   0x00000000   Number         0  rtexit.o ABSOLUTE
    ../clib/angel/kernel.s                   0x00000000   Number         0  rtexit2.o ABSOLUTE
    ../clib/angel/rt.s                       0x00000000   Number         0  rt_raise.o ABSOLUTE
    ../clib/angel/scatter.s                  0x00000000   Number         0  __scatter.o ABSOLUTE
    ../clib/angel/startup.s                  0x00000000   Number         0  __main.o ABSOLUTE
    ../clib/angel/sys.s                      0x00000000   Number         0  sys_stackheap_outer.o ABSOLUTE
    ../clib/angel/sys.s                      0x00000000   Number         0  libspace.o ABSOLUTE
    ../clib/angel/sys.s                      0x00000000   Number         0  use_no_semi.o ABSOLUTE
    ../clib/angel/sys.s                      0x00000000   Number         0  indicate_semi.o ABSOLUTE
    ../clib/angel/sysapp.c                   0x00000000   Number         0  sys_exit.o ABSOLUTE
    ../clib/angel/sysapp.c                   0x00000000   Number         0  sys_exit_hlt.o ABSOLUTE
    ../clib/angel/sysapp.c                   0x00000000   Number         0  sys_command.o ABSOLUTE
    ../clib/angel/sysapp.c                   0x00000000   Number         0  sys_command_hlt.o ABSOLUTE
    ../clib/angel/sysapp.c                   0x00000000   Number         0  sys_wrch.o ABSOLUTE
    ../clib/angel/sysapp.c                   0x00000000   Number         0  sys_wrch_hlt.o ABSOLUTE
    ../clib/armsys.c                         0x00000000   Number         0  argv_veneer.o ABSOLUTE
    ../clib/armsys.c                         0x00000000   Number         0  argv_veneer.o ABSOLUTE
    ../clib/armsys.c                         0x00000000   Number         0  _get_argv_nomalloc.o ABSOLUTE
    ../clib/armsys.c                         0x00000000   Number         0  no_argv.o ABSOLUTE
    ../clib/heapalloc.c                      0x00000000   Number         0  hrguard.o ABSOLUTE
    ../clib/heapaux.c                        0x00000000   Number         0  heapauxi.o ABSOLUTE
    ../clib/libinit.s                        0x00000000   Number         0  libinit.o ABSOLUTE
    ../clib/libinit.s                        0x00000000   Number         0  libinit2.o ABSOLUTE
    ../clib/libinit.s                        0x00000000   Number         0  libshutdown.o ABSOLUTE
    ../clib/libinit.s                        0x00000000   Number         0  libshutdown2.o ABSOLUTE
    ../clib/memcpset.s                       0x00000000   Number         0  rt_memclr_w.o ABSOLUTE
    ../clib/signal.c                         0x00000000   Number         0  defsig_rtmem_outer.o ABSOLUTE
    ../clib/signal.c                         0x00000000   Number         0  defsig_rtmem_formal.o ABSOLUTE
    ../clib/signal.c                         0x00000000   Number         0  defsig_exit.o ABSOLUTE
    ../clib/signal.c                         0x00000000   Number         0  defsig_rtmem_inner.o ABSOLUTE
    ../clib/signal.c                         0x00000000   Number         0  __raise.o ABSOLUTE
    ../clib/signal.c                         0x00000000   Number         0  defsig_general.o ABSOLUTE
    ../clib/signal.c                         0x00000000   Number         0  defsig_abrt_inner.o ABSOLUTE
    ../clib/signal.c                         0x00000000   Number         0  defsig_fpe_inner.o ABSOLUTE
    ../clib/signal.c                         0x00000000   Number         0  defsig_rtred_inner.o ABSOLUTE
    ../clib/signal.c                         0x00000000   Number         0  defsig_stak_inner.o ABSOLUTE
    ../clib/signal.c                         0x00000000   Number         0  defsig_pvfn_inner.o ABSOLUTE
    ../clib/signal.c                         0x00000000   Number         0  defsig_cppl_inner.o ABSOLUTE
    ../clib/signal.c                         0x00000000   Number         0  defsig_segv_inner.o ABSOLUTE
    ../clib/signal.c                         0x00000000   Number         0  defsig_other.o ABSOLUTE
    ../clib/signal.s                         0x00000000   Number         0  defsig.o ABSOLUTE
    ../clib/stdlib.c                         0x00000000   Number         0  exit.o ABSOLUTE
    ../fplib/fpinit.s                        0x00000000   Number         0  fpinit.o ABSOLUTE
    Measure.c                                0x00000000   Number         0  measure.o ABSOLUTE
    adc.c                                    0x00000000   Number         0  adc.o ABSOLUTE
    dc.s                                     0x00000000   Number         0  dc.o ABSOLUTE
    dma.c                                    0x00000000   Number         0  dma.o ABSOLUTE
    gpio.c                                   0x00000000   Number         0  gpio.o ABSOLUTE
    main.c                                   0x00000000   Number         0  main.o ABSOLUTE
    sine.c                                   0x00000000   Number         0  sine.o ABSOLUTE
    startup_stm32g431xx.s                    0x00000000   Number         0  startup_stm32g431xx.o ABSOLUTE
    stm32g4xx_hal.c                          0x00000000   Number         0  stm32g4xx_hal.o ABSOLUTE
    stm32g4xx_hal_adc.c                      0x00000000   Number         0  stm32g4xx_hal_adc.o ABSOLUTE
    stm32g4xx_hal_adc_ex.c                   0x00000000   Number         0  stm32g4xx_hal_adc_ex.o ABSOLUTE
    stm32g4xx_hal_cortex.c                   0x00000000   Number         0  stm32g4xx_hal_cortex.o ABSOLUTE
    stm32g4xx_hal_dma.c                      0x00000000   Number         0  stm32g4xx_hal_dma.o ABSOLUTE
    stm32g4xx_hal_dma_ex.c                   0x00000000   Number         0  stm32g4xx_hal_dma_ex.o ABSOLUTE
    stm32g4xx_hal_exti.c                     0x00000000   Number         0  stm32g4xx_hal_exti.o ABSOLUTE
    stm32g4xx_hal_flash.c                    0x00000000   Number         0  stm32g4xx_hal_flash.o ABSOLUTE
    stm32g4xx_hal_flash_ex.c                 0x00000000   Number         0  stm32g4xx_hal_flash_ex.o ABSOLUTE
    stm32g4xx_hal_flash_ramfunc.c            0x00000000   Number         0  stm32g4xx_hal_flash_ramfunc.o ABSOLUTE
    stm32g4xx_hal_gpio.c                     0x00000000   Number         0  stm32g4xx_hal_gpio.o ABSOLUTE
    stm32g4xx_hal_msp.c                      0x00000000   Number         0  stm32g4xx_hal_msp.o ABSOLUTE
    stm32g4xx_hal_pwr.c                      0x00000000   Number         0  stm32g4xx_hal_pwr.o ABSOLUTE
    stm32g4xx_hal_pwr_ex.c                   0x00000000   Number         0  stm32g4xx_hal_pwr_ex.o ABSOLUTE
    stm32g4xx_hal_rcc.c                      0x00000000   Number         0  stm32g4xx_hal_rcc.o ABSOLUTE
    stm32g4xx_hal_rcc_ex.c                   0x00000000   Number         0  stm32g4xx_hal_rcc_ex.o ABSOLUTE
    stm32g4xx_hal_tim.c                      0x00000000   Number         0  stm32g4xx_hal_tim.o ABSOLUTE
    stm32g4xx_hal_tim_ex.c                   0x00000000   Number         0  stm32g4xx_hal_tim_ex.o ABSOLUTE
    stm32g4xx_it.c                           0x00000000   Number         0  stm32g4xx_it.o ABSOLUTE
    stm32g4xx_ll_adc.c                       0x00000000   Number         0  stm32g4xx_ll_adc.o ABSOLUTE
    system_stm32g4xx.c                       0x00000000   Number         0  system_stm32g4xx.o ABSOLUTE
    tim.c                                    0x00000000   Number         0  tim.o ABSOLUTE
    RESET                                    0x08000000   Section      472  startup_stm32g431xx.o(RESET)
    !!!main                                  0x080001d8   Section        8  __main.o(!!!main)
    !!!scatter                               0x080001e0   Section       52  __scatter.o(!!!scatter)
    !!handler_copy                           0x08000214   Section       26  __scatter_copy.o(!!handler_copy)
    !!handler_zi                             0x08000230   Section       28  __scatter_zi.o(!!handler_zi)
    .ARM.Collect$$libinit$$00000000          0x0800024c   Section        2  libinit.o(.ARM.Collect$$libinit$$00000000)
    .ARM.Collect$$libinit$$00000001          0x0800024e   Section        4  libinit2.o(.ARM.Collect$$libinit$$00000001)
    .ARM.Collect$$libinit$$00000004          0x08000252   Section        0  libinit2.o(.ARM.Collect$$libinit$$00000004)
    .ARM.Collect$$libinit$$0000000A          0x08000252   Section        0  libinit2.o(.ARM.Collect$$libinit$$0000000A)
    .ARM.Collect$$libinit$$0000000C          0x08000252   Section        0  libinit2.o(.ARM.Collect$$libinit$$0000000C)
    .ARM.Collect$$libinit$$0000000E          0x08000252   Section        0  libinit2.o(.ARM.Collect$$libinit$$0000000E)
    .ARM.Collect$$libinit$$00000011          0x08000252   Section        0  libinit2.o(.ARM.Collect$$libinit$$00000011)
    .ARM.Collect$$libinit$$00000013          0x08000252   Section        0  libinit2.o(.ARM.Collect$$libinit$$00000013)
    .ARM.Collect$$libinit$$00000015          0x08000252   Section        0  libinit2.o(.ARM.Collect$$libinit$$00000015)
    .ARM.Collect$$libinit$$00000017          0x08000252   Section        0  libinit2.o(.ARM.Collect$$libinit$$00000017)
    .ARM.Collect$$libinit$$00000019          0x08000252   Section        0  libinit2.o(.ARM.Collect$$libinit$$00000019)
    .ARM.Collect$$libinit$$0000001B          0x08000252   Section        0  libinit2.o(.ARM.Collect$$libinit$$0000001B)
    .ARM.Collect$$libinit$$0000001D          0x08000252   Section        0  libinit2.o(.ARM.Collect$$libinit$$0000001D)
    .ARM.Collect$$libinit$$0000001F          0x08000252   Section        0  libinit2.o(.ARM.Collect$$libinit$$0000001F)
    .ARM.Collect$$libinit$$00000021          0x08000252   Section        0  libinit2.o(.ARM.Collect$$libinit$$00000021)
    .ARM.Collect$$libinit$$00000023          0x08000252   Section        0  libinit2.o(.ARM.Collect$$libinit$$00000023)
    .ARM.Collect$$libinit$$00000025          0x08000252   Section        0  libinit2.o(.ARM.Collect$$libinit$$00000025)
    .ARM.Collect$$libinit$$0000002C          0x08000252   Section        0  libinit2.o(.ARM.Collect$$libinit$$0000002C)
    .ARM.Collect$$libinit$$0000002E          0x08000252   Section        0  libinit2.o(.ARM.Collect$$libinit$$0000002E)
    .ARM.Collect$$libinit$$00000030          0x08000252   Section        0  libinit2.o(.ARM.Collect$$libinit$$00000030)
    .ARM.Collect$$libinit$$00000032          0x08000252   Section        0  libinit2.o(.ARM.Collect$$libinit$$00000032)
    .ARM.Collect$$libinit$$00000033          0x08000252   Section        2  libinit2.o(.ARM.Collect$$libinit$$00000033)
    .ARM.Collect$$libshutdown$$00000000      0x08000254   Section        2  libshutdown.o(.ARM.Collect$$libshutdown$$00000000)
    .ARM.Collect$$libshutdown$$00000002      0x08000256   Section        0  libshutdown2.o(.ARM.Collect$$libshutdown$$00000002)
    .ARM.Collect$$libshutdown$$00000004      0x08000256   Section        0  libshutdown2.o(.ARM.Collect$$libshutdown$$00000004)
    .ARM.Collect$$libshutdown$$00000007      0x08000256   Section        0  libshutdown2.o(.ARM.Collect$$libshutdown$$00000007)
    .ARM.Collect$$libshutdown$$0000000A      0x08000256   Section        0  libshutdown2.o(.ARM.Collect$$libshutdown$$0000000A)
    .ARM.Collect$$libshutdown$$0000000C      0x08000256   Section        0  libshutdown2.o(.ARM.Collect$$libshutdown$$0000000C)
    .ARM.Collect$$libshutdown$$0000000F      0x08000256   Section        0  libshutdown2.o(.ARM.Collect$$libshutdown$$0000000F)
    .ARM.Collect$$libshutdown$$00000010      0x08000256   Section        2  libshutdown2.o(.ARM.Collect$$libshutdown$$00000010)
    .ARM.Collect$$rtentry$$00000000          0x08000258   Section        0  __rtentry.o(.ARM.Collect$$rtentry$$00000000)
    .ARM.Collect$$rtentry$$00000002          0x08000258   Section        0  __rtentry2.o(.ARM.Collect$$rtentry$$00000002)
    .ARM.Collect$$rtentry$$00000004          0x08000258   Section        6  __rtentry4.o(.ARM.Collect$$rtentry$$00000004)
    .ARM.Collect$$rtentry$$00000009          0x0800025e   Section        0  __rtentry2.o(.ARM.Collect$$rtentry$$00000009)
    .ARM.Collect$$rtentry$$0000000A          0x0800025e   Section        4  __rtentry2.o(.ARM.Collect$$rtentry$$0000000A)
    .ARM.Collect$$rtentry$$0000000C          0x08000262   Section        0  __rtentry2.o(.ARM.Collect$$rtentry$$0000000C)
    .ARM.Collect$$rtentry$$0000000D          0x08000262   Section        8  __rtentry2.o(.ARM.Collect$$rtentry$$0000000D)
    .ARM.Collect$$rtexit$$00000000           0x0800026a   Section        2  rtexit.o(.ARM.Collect$$rtexit$$00000000)
    .ARM.Collect$$rtexit$$00000002           0x0800026c   Section        0  rtexit2.o(.ARM.Collect$$rtexit$$00000002)
    .ARM.Collect$$rtexit$$00000003           0x0800026c   Section        4  rtexit2.o(.ARM.Collect$$rtexit$$00000003)
    .ARM.Collect$$rtexit$$00000004           0x08000270   Section        6  rtexit2.o(.ARM.Collect$$rtexit$$00000004)
    $v0                                      0x08000278   Number         0  startup_stm32g431xx.o(.text)
    .text                                    0x08000278   Section       64  startup_stm32g431xx.o(.text)
    .text                                    0x080002b8   Section       78  rt_memclr_w.o(.text)
    .text                                    0x08000306   Section        0  heapauxi.o(.text)
    .text                                    0x0800030c   Section       74  sys_stackheap_outer.o(.text)
    .text                                    0x08000356   Section        0  exit.o(.text)
    .text                                    0x08000368   Section        8  libspace.o(.text)
    .text                                    0x08000370   Section        0  sys_exit.o(.text)
    .text                                    0x0800037c   Section        2  use_no_semi.o(.text)
    .text                                    0x0800037e   Section        0  indicate_semi.o(.text)
    [Anonymous Symbol]                       0x08000380   Section        0  main.o(.text.ADC_restart)
    [Anonymous Symbol]                       0x080003f0   Section        0  dma.o(.text.DMA1_Channel1_IRQHandler)
    [Anonymous Symbol]                       0x08000434   Section        0  main.o(.text.DMA_ADC_config)
    DMA_CalcDMAMUXChannelBaseAndMask         0x0800050d   Thumb Code    74  stm32g4xx_hal_dma.o(.text.DMA_CalcDMAMUXChannelBaseAndMask)
    [Anonymous Symbol]                       0x0800050c   Section        0  stm32g4xx_hal_dma.o(.text.DMA_CalcDMAMUXChannelBaseAndMask)
    DMA_CalcDMAMUXRequestGenBaseAndMask      0x08000559   Thumb Code    38  stm32g4xx_hal_dma.o(.text.DMA_CalcDMAMUXRequestGenBaseAndMask)
    [Anonymous Symbol]                       0x08000558   Section        0  stm32g4xx_hal_dma.o(.text.DMA_CalcDMAMUXRequestGenBaseAndMask)
    [Anonymous Symbol]                       0x08000580   Section        0  main.o(.text.Error_Handler)
    [Anonymous Symbol]                       0x0800058c   Section        0  stm32g4xx_hal_adc_ex.o(.text.HAL_ADCEx_MultiModeConfigChannel)
    [Anonymous Symbol]                       0x08000668   Section        0  stm32g4xx_hal_adc.o(.text.HAL_ADC_ConfigChannel)
    [Anonymous Symbol]                       0x080009bc   Section        0  stm32g4xx_hal_adc.o(.text.HAL_ADC_Init)
    [Anonymous Symbol]                       0x08000b90   Section        0  adc.o(.text.HAL_ADC_MspInit)
    [Anonymous Symbol]                       0x08000c50   Section        0  stm32g4xx_hal_dma.o(.text.HAL_DMA_Init)
    [Anonymous Symbol]                       0x08000d28   Section        0  stm32g4xx_hal_gpio.o(.text.HAL_GPIO_Init)
    [Anonymous Symbol]                       0x08000ec8   Section        0  stm32g4xx_hal_gpio.o(.text.HAL_GPIO_WritePin)
    [Anonymous Symbol]                       0x08000ed4   Section        0  stm32g4xx_hal.o(.text.HAL_GetTick)
    [Anonymous Symbol]                       0x08000ee0   Section        0  stm32g4xx_hal.o(.text.HAL_Init)
    [Anonymous Symbol]                       0x08000f00   Section        0  stm32g4xx_hal.o(.text.HAL_InitTick)
    [Anonymous Symbol]                       0x08000f58   Section        0  stm32g4xx_hal_msp.o(.text.HAL_MspInit)
    [Anonymous Symbol]                       0x08000f90   Section        0  stm32g4xx_hal_cortex.o(.text.HAL_NVIC_EnableIRQ)
    [Anonymous Symbol]                       0x08000f98   Section        0  stm32g4xx_hal_cortex.o(.text.HAL_NVIC_SetPriority)
    [Anonymous Symbol]                       0x08000fb8   Section        0  stm32g4xx_hal_cortex.o(.text.HAL_NVIC_SetPriorityGrouping)
    [Anonymous Symbol]                       0x08000fc0   Section        0  stm32g4xx_hal_pwr_ex.o(.text.HAL_PWREx_ControlVoltageScaling)
    [Anonymous Symbol]                       0x080010b0   Section        0  stm32g4xx_hal_pwr_ex.o(.text.HAL_PWREx_DisableUCPDDeadBattery)
    [Anonymous Symbol]                       0x080010c4   Section        0  stm32g4xx_hal_rcc_ex.o(.text.HAL_RCCEx_PeriphCLKConfig)
    [Anonymous Symbol]                       0x08001358   Section        0  stm32g4xx_hal_rcc.o(.text.HAL_RCC_ClockConfig)
    [Anonymous Symbol]                       0x08001560   Section        0  stm32g4xx_hal_rcc.o(.text.HAL_RCC_GetSysClockFreq)
    [Anonymous Symbol]                       0x080015dc   Section        0  stm32g4xx_hal_rcc.o(.text.HAL_RCC_OscConfig)
    [Anonymous Symbol]                       0x08001a58   Section        0  stm32g4xx_hal_cortex.o(.text.HAL_SYSTICK_Config)
    [Anonymous Symbol]                       0x08001a60   Section        0  stm32g4xx_hal_tim_ex.o(.text.HAL_TIMEx_ConfigBreakDeadTime)
    [Anonymous Symbol]                       0x08001b30   Section        0  stm32g4xx_hal_tim_ex.o(.text.HAL_TIMEx_EnableDeadTimePreload)
    [Anonymous Symbol]                       0x08001b40   Section        0  stm32g4xx_hal_tim_ex.o(.text.HAL_TIMEx_MasterConfigSynchronization)
    [Anonymous Symbol]                       0x08001be8   Section        0  stm32g4xx_hal_tim.o(.text.HAL_TIM_Base_Init)
    [Anonymous Symbol]                       0x08001c4c   Section        0  tim.o(.text.HAL_TIM_Base_MspInit)
    [Anonymous Symbol]                       0x08001cec   Section        0  stm32g4xx_hal_tim.o(.text.HAL_TIM_ConfigClockSource)
    [Anonymous Symbol]                       0x08001e00   Section        0  tim.o(.text.HAL_TIM_MspPostInit)
    [Anonymous Symbol]                       0x08001ee8   Section        0  stm32g4xx_hal_tim.o(.text.HAL_TIM_PWM_ConfigChannel)
    [Anonymous Symbol]                       0x08001fa4   Section        0  stm32g4xx_hal_tim.o(.text.HAL_TIM_PWM_Init)
    [Anonymous Symbol]                       0x08002008   Section        0  stm32g4xx_hal_tim.o(.text.HAL_TIM_PWM_MspInit)
    LL_ADC_DisableDeepPowerDown              0x0800200d   Thumb Code    16  stm32g4xx_hal_adc.o(.text.LL_ADC_DisableDeepPowerDown)
    [Anonymous Symbol]                       0x0800200c   Section        0  stm32g4xx_hal_adc.o(.text.LL_ADC_DisableDeepPowerDown)
    LL_ADC_EnableInternalRegulator           0x0800201d   Thumb Code    20  stm32g4xx_hal_adc.o(.text.LL_ADC_EnableInternalRegulator)
    [Anonymous Symbol]                       0x0800201c   Section        0  stm32g4xx_hal_adc.o(.text.LL_ADC_EnableInternalRegulator)
    LL_ADC_GetCommonPathInternalCh           0x08002031   Thumb Code    16  stm32g4xx_hal_adc.o(.text.LL_ADC_GetCommonPathInternalCh)
    [Anonymous Symbol]                       0x08002030   Section        0  stm32g4xx_hal_adc.o(.text.LL_ADC_GetCommonPathInternalCh)
    LL_ADC_GetOffsetChannel                  0x08002041   Thumb Code    12  stm32g4xx_hal_adc.o(.text.LL_ADC_GetOffsetChannel)
    [Anonymous Symbol]                       0x08002040   Section        0  stm32g4xx_hal_adc.o(.text.LL_ADC_GetOffsetChannel)
    LL_ADC_INJ_IsConversionOngoing           0x0800204d   Thumb Code     8  stm32g4xx_hal_adc.o(.text.LL_ADC_INJ_IsConversionOngoing)
    [Anonymous Symbol]                       0x0800204c   Section        0  stm32g4xx_hal_adc.o(.text.LL_ADC_INJ_IsConversionOngoing)
    LL_ADC_IsDeepPowerDownEnabled            0x08002055   Thumb Code     8  stm32g4xx_hal_adc.o(.text.LL_ADC_IsDeepPowerDownEnabled)
    [Anonymous Symbol]                       0x08002054   Section        0  stm32g4xx_hal_adc.o(.text.LL_ADC_IsDeepPowerDownEnabled)
    LL_ADC_IsEnabled                         0x0800205d   Thumb Code     8  stm32g4xx_hal_adc.o(.text.LL_ADC_IsEnabled)
    [Anonymous Symbol]                       0x0800205c   Section        0  stm32g4xx_hal_adc.o(.text.LL_ADC_IsEnabled)
    LL_ADC_IsEnabled                         0x08002065   Thumb Code     8  stm32g4xx_hal_adc_ex.o(.text.LL_ADC_IsEnabled)
    [Anonymous Symbol]                       0x08002064   Section        0  stm32g4xx_hal_adc_ex.o(.text.LL_ADC_IsEnabled)
    LL_ADC_IsInternalRegulatorEnabled        0x0800206d   Thumb Code     8  stm32g4xx_hal_adc.o(.text.LL_ADC_IsInternalRegulatorEnabled)
    [Anonymous Symbol]                       0x0800206c   Section        0  stm32g4xx_hal_adc.o(.text.LL_ADC_IsInternalRegulatorEnabled)
    LL_ADC_REG_IsConversionOngoing           0x08002075   Thumb Code     8  stm32g4xx_hal_adc.o(.text.LL_ADC_REG_IsConversionOngoing)
    [Anonymous Symbol]                       0x08002074   Section        0  stm32g4xx_hal_adc.o(.text.LL_ADC_REG_IsConversionOngoing)
    LL_ADC_REG_IsConversionOngoing           0x0800207d   Thumb Code     8  stm32g4xx_hal_adc_ex.o(.text.LL_ADC_REG_IsConversionOngoing)
    [Anonymous Symbol]                       0x0800207c   Section        0  stm32g4xx_hal_adc_ex.o(.text.LL_ADC_REG_IsConversionOngoing)
    LL_ADC_REG_SetSequencerRanks             0x08002085   Thumb Code    38  stm32g4xx_hal_adc.o(.text.LL_ADC_REG_SetSequencerRanks)
    [Anonymous Symbol]                       0x08002084   Section        0  stm32g4xx_hal_adc.o(.text.LL_ADC_REG_SetSequencerRanks)
    LL_ADC_SetChannelSamplingTime            0x080020ad   Thumb Code    34  stm32g4xx_hal_adc.o(.text.LL_ADC_SetChannelSamplingTime)
    [Anonymous Symbol]                       0x080020ac   Section        0  stm32g4xx_hal_adc.o(.text.LL_ADC_SetChannelSamplingTime)
    LL_ADC_SetChannelSingleDiff              0x080020d1   Thumb Code    42  stm32g4xx_hal_adc.o(.text.LL_ADC_SetChannelSingleDiff)
    [Anonymous Symbol]                       0x080020d0   Section        0  stm32g4xx_hal_adc.o(.text.LL_ADC_SetChannelSingleDiff)
    LL_ADC_SetCommonClock                    0x080020fd   Thumb Code    20  stm32g4xx_hal_adc.o(.text.LL_ADC_SetCommonClock)
    [Anonymous Symbol]                       0x080020fc   Section        0  stm32g4xx_hal_adc.o(.text.LL_ADC_SetCommonClock)
    LL_ADC_SetCommonPathInternalCh           0x08002111   Thumb Code    20  stm32g4xx_hal_adc.o(.text.LL_ADC_SetCommonPathInternalCh)
    [Anonymous Symbol]                       0x08002110   Section        0  stm32g4xx_hal_adc.o(.text.LL_ADC_SetCommonPathInternalCh)
    LL_ADC_SetOffset                         0x08002125   Thumb Code    36  stm32g4xx_hal_adc.o(.text.LL_ADC_SetOffset)
    [Anonymous Symbol]                       0x08002124   Section        0  stm32g4xx_hal_adc.o(.text.LL_ADC_SetOffset)
    LL_ADC_SetOffsetSaturation               0x08002149   Thumb Code    16  stm32g4xx_hal_adc.o(.text.LL_ADC_SetOffsetSaturation)
    [Anonymous Symbol]                       0x08002148   Section        0  stm32g4xx_hal_adc.o(.text.LL_ADC_SetOffsetSaturation)
    LL_ADC_SetOffsetSign                     0x08002159   Thumb Code    16  stm32g4xx_hal_adc.o(.text.LL_ADC_SetOffsetSign)
    [Anonymous Symbol]                       0x08002158   Section        0  stm32g4xx_hal_adc.o(.text.LL_ADC_SetOffsetSign)
    LL_ADC_SetOffsetState                    0x08002169   Thumb Code    14  stm32g4xx_hal_adc.o(.text.LL_ADC_SetOffsetState)
    [Anonymous Symbol]                       0x08002168   Section        0  stm32g4xx_hal_adc.o(.text.LL_ADC_SetOffsetState)
    LL_ADC_SetSamplingTimeCommonConfig       0x08002179   Thumb Code    12  stm32g4xx_hal_adc.o(.text.LL_ADC_SetSamplingTimeCommonConfig)
    [Anonymous Symbol]                       0x08002178   Section        0  stm32g4xx_hal_adc.o(.text.LL_ADC_SetSamplingTimeCommonConfig)
    [Anonymous Symbol]                       0x08002184   Section        0  adc.o(.text.MX_ADC1_Init)
    [Anonymous Symbol]                       0x08002240   Section        0  dma.o(.text.MX_DMA_Init)
    [Anonymous Symbol]                       0x08002284   Section        0  gpio.o(.text.MX_GPIO_Init)
    [Anonymous Symbol]                       0x08002310   Section        0  tim.o(.text.MX_TIM1_Init)
    [Anonymous Symbol]                       0x0800246c   Section        0  tim.o(.text.MX_TIM2_Init)
    [Anonymous Symbol]                       0x080024e8   Section        0  tim.o(.text.MX_TIM6_Init)
    NVIC_EncodePriority                      0x0800253d   Thumb Code    44  stm32g4xx_hal_cortex.o(.text.NVIC_EncodePriority)
    [Anonymous Symbol]                       0x0800253c   Section        0  stm32g4xx_hal_cortex.o(.text.NVIC_EncodePriority)
    RCC_GetSysClockFreqFromPLLSource         0x08002569   Thumb Code    72  stm32g4xx_hal_rcc.o(.text.RCC_GetSysClockFreqFromPLLSource)
    [Anonymous Symbol]                       0x08002568   Section        0  stm32g4xx_hal_rcc.o(.text.RCC_GetSysClockFreqFromPLLSource)
    SysTick_Config                           0x080025b1   Thumb Code    46  stm32g4xx_hal_cortex.o(.text.SysTick_Config)
    [Anonymous Symbol]                       0x080025b0   Section        0  stm32g4xx_hal_cortex.o(.text.SysTick_Config)
    [Anonymous Symbol]                       0x080025e0   Section        0  main.o(.text.SystemClock_Config)
    [Anonymous Symbol]                       0x0800264c   Section        0  system_stm32g4xx.o(.text.SystemInit)
    [Anonymous Symbol]                       0x08002660   Section        0  main.o(.text.TIM1_config)
    [Anonymous Symbol]                       0x080026bc   Section        0  main.o(.text.TIM1_start)
    [Anonymous Symbol]                       0x080026d0   Section        0  stm32g4xx_it.o(.text.TIM2_IRQHandler)
    [Anonymous Symbol]                       0x080026f8   Section        0  main.o(.text.TIM2_start)
    [Anonymous Symbol]                       0x08002714   Section        0  sine.o(.text.TIM6_DAC_IRQHandler)
    [Anonymous Symbol]                       0x08002754   Section        0  main.o(.text.TIM6_start)
    [Anonymous Symbol]                       0x08002770   Section        0  stm32g4xx_hal_tim.o(.text.TIM_Base_SetConfig)
    [Anonymous Symbol]                       0x08002880   Section        0  stm32g4xx_hal_tim.o(.text.TIM_ETR_SetConfig)
    TIM_ITRx_SetConfig                       0x08002899   Thumb Code    22  stm32g4xx_hal_tim.o(.text.TIM_ITRx_SetConfig)
    [Anonymous Symbol]                       0x08002898   Section        0  stm32g4xx_hal_tim.o(.text.TIM_ITRx_SetConfig)
    TIM_OC1_SetConfig                        0x080028b1   Thumb Code   126  stm32g4xx_hal_tim.o(.text.TIM_OC1_SetConfig)
    [Anonymous Symbol]                       0x080028b0   Section        0  stm32g4xx_hal_tim.o(.text.TIM_OC1_SetConfig)
    [Anonymous Symbol]                       0x08002930   Section        0  stm32g4xx_hal_tim.o(.text.TIM_OC2_SetConfig)
    TIM_OC3_SetConfig                        0x080029c1   Thumb Code   144  stm32g4xx_hal_tim.o(.text.TIM_OC3_SetConfig)
    [Anonymous Symbol]                       0x080029c0   Section        0  stm32g4xx_hal_tim.o(.text.TIM_OC3_SetConfig)
    TIM_OC4_SetConfig                        0x08002a51   Thumb Code   144  stm32g4xx_hal_tim.o(.text.TIM_OC4_SetConfig)
    [Anonymous Symbol]                       0x08002a50   Section        0  stm32g4xx_hal_tim.o(.text.TIM_OC4_SetConfig)
    TIM_OC5_SetConfig                        0x08002ae1   Thumb Code    94  stm32g4xx_hal_tim.o(.text.TIM_OC5_SetConfig)
    [Anonymous Symbol]                       0x08002ae0   Section        0  stm32g4xx_hal_tim.o(.text.TIM_OC5_SetConfig)
    TIM_OC6_SetConfig                        0x08002b41   Thumb Code    96  stm32g4xx_hal_tim.o(.text.TIM_OC6_SetConfig)
    [Anonymous Symbol]                       0x08002b40   Section        0  stm32g4xx_hal_tim.o(.text.TIM_OC6_SetConfig)
    TIM_TI1_ConfigInputStage                 0x08002ba1   Thumb Code    34  stm32g4xx_hal_tim.o(.text.TIM_TI1_ConfigInputStage)
    [Anonymous Symbol]                       0x08002ba0   Section        0  stm32g4xx_hal_tim.o(.text.TIM_TI1_ConfigInputStage)
    TIM_TI2_ConfigInputStage                 0x08002bc5   Thumb Code    36  stm32g4xx_hal_tim.o(.text.TIM_TI2_ConfigInputStage)
    [Anonymous Symbol]                       0x08002bc4   Section        0  stm32g4xx_hal_tim.o(.text.TIM_TI2_ConfigInputStage)
    __NVIC_EnableIRQ                         0x08002be9   Thumb Code    32  stm32g4xx_hal_cortex.o(.text.__NVIC_EnableIRQ)
    [Anonymous Symbol]                       0x08002be8   Section        0  stm32g4xx_hal_cortex.o(.text.__NVIC_EnableIRQ)
    __NVIC_GetPriorityGrouping               0x08002c09   Thumb Code    16  stm32g4xx_hal_cortex.o(.text.__NVIC_GetPriorityGrouping)
    [Anonymous Symbol]                       0x08002c08   Section        0  stm32g4xx_hal_cortex.o(.text.__NVIC_GetPriorityGrouping)
    __NVIC_SetPriority                       0x08002c19   Thumb Code    34  stm32g4xx_hal_cortex.o(.text.__NVIC_SetPriority)
    [Anonymous Symbol]                       0x08002c18   Section        0  stm32g4xx_hal_cortex.o(.text.__NVIC_SetPriority)
    __NVIC_SetPriorityGrouping               0x08002c3d   Thumb Code    32  stm32g4xx_hal_cortex.o(.text.__NVIC_SetPriorityGrouping)
    [Anonymous Symbol]                       0x08002c3c   Section        0  stm32g4xx_hal_cortex.o(.text.__NVIC_SetPriorityGrouping)
    [Anonymous Symbol]                       0x08002c5c   Section        0  measure.o(.text.calcNumMeasure)
    [Anonymous Symbol]                       0x08002c80   Section        0  sine.o(.text.getDuty)
    [Anonymous Symbol]                       0x08002c90   Section        0  main.o(.text.main)
    $v0                                      0x08002cd2   Number         0  fpinit.o(x$fpl$fpinit)
    x$fpl$fpinit                             0x08002cd2   Section       26  fpinit.o(x$fpl$fpinit)
    .bss                                     0x20000018   Section       96  libspace.o(.bss)
    Heap_Mem                                 0x200003c0   Data         512  startup_stm32g431xx.o(HEAP)
    HEAP                                     0x200003c0   Section      512  startup_stm32g431xx.o(HEAP)
    Stack_Mem                                0x200005c0   Data        1024  startup_stm32g431xx.o(STACK)
    STACK                                    0x200005c0   Section     1024  startup_stm32g431xx.o(STACK)
    __initial_sp                             0x200009c0   Data           0  startup_stm32g431xx.o(STACK)

    Global Symbols

    Symbol Name                              Value     Ov Type        Size  Object(Section)

    BuildAttributes$$THM_ISAv4$E$P$D$K$B$S$7EM$VFPi3$EXTD16$VFPS$VFMA$PE$A:L22UL41UL21$X:L11$S22US41US21$IEEE1$IW$~IW$USESV6$~STKCKD$USESV7$~SHL$OTIME$ROPI$EBA8$UX$STANDARDLIB$REQ8$PRES8$EABIv2 0x00000000   Number         0  anon$$obj.o ABSOLUTE
    __ARM_exceptions_init                     - Undefined Weak Reference
    __alloca_initialize                       - Undefined Weak Reference
    __arm_preinit_                            - Undefined Weak Reference
    __cpp_initialize__aeabi_                  - Undefined Weak Reference
    __cxa_finalize                            - Undefined Weak Reference
    __rt_locale                               - Undefined Weak Reference
    __sigvec_lookup                           - Undefined Weak Reference
    _atexit_init                              - Undefined Weak Reference
    _call_atexit_fns                          - Undefined Weak Reference
    _clock_init                               - Undefined Weak Reference
    _fp_trap_init                             - Undefined Weak Reference
    _fp_trap_shutdown                         - Undefined Weak Reference
    _get_lc_collate                           - Undefined Weak Reference
    _get_lc_ctype                             - Undefined Weak Reference
    _get_lc_monetary                          - Undefined Weak Reference
    _get_lc_numeric                           - Undefined Weak Reference
    _get_lc_time                              - Undefined Weak Reference
    _getenv_init                              - Undefined Weak Reference
    _handle_redirection                       - Undefined Weak Reference
    _init_alloc                               - Undefined Weak Reference
    _init_user_alloc                          - Undefined Weak Reference
    _initio                                   - Undefined Weak Reference
    _rand_init                                - Undefined Weak Reference
    _signal_finish                            - Undefined Weak Reference
    _signal_init                              - Undefined Weak Reference
    _terminate_alloc                          - Undefined Weak Reference
    _terminate_user_alloc                     - Undefined Weak Reference
    _terminateio                              - Undefined Weak Reference
    __Vectors_Size                           0x000001d8   Number         0  startup_stm32g431xx.o ABSOLUTE
    __Vectors                                0x08000000   Data           4  startup_stm32g431xx.o(RESET)
    __Vectors_End                            0x080001d8   Data           0  startup_stm32g431xx.o(RESET)
    __main                                   0x080001d9   Thumb Code     8  __main.o(!!!main)
    __scatterload                            0x080001e1   Thumb Code     0  __scatter.o(!!!scatter)
    __scatterload_rt2                        0x080001e1   Thumb Code    44  __scatter.o(!!!scatter)
    __scatterload_rt2_thumb_only             0x080001e1   Thumb Code     0  __scatter.o(!!!scatter)
    __scatterload_null                       0x080001ef   Thumb Code     0  __scatter.o(!!!scatter)
    __scatterload_copy                       0x08000215   Thumb Code    26  __scatter_copy.o(!!handler_copy)
    __scatterload_zeroinit                   0x08000231   Thumb Code    28  __scatter_zi.o(!!handler_zi)
    __rt_lib_init                            0x0800024d   Thumb Code     0  libinit.o(.ARM.Collect$$libinit$$00000000)
    __rt_lib_init_fp_1                       0x0800024f   Thumb Code     0  libinit2.o(.ARM.Collect$$libinit$$00000001)
    __rt_lib_init_alloca_1                   0x08000253   Thumb Code     0  libinit2.o(.ARM.Collect$$libinit$$0000002E)
    __rt_lib_init_argv_1                     0x08000253   Thumb Code     0  libinit2.o(.ARM.Collect$$libinit$$0000002C)
    __rt_lib_init_atexit_1                   0x08000253   Thumb Code     0  libinit2.o(.ARM.Collect$$libinit$$0000001B)
    __rt_lib_init_clock_1                    0x08000253   Thumb Code     0  libinit2.o(.ARM.Collect$$libinit$$00000021)
    __rt_lib_init_cpp_1                      0x08000253   Thumb Code     0  libinit2.o(.ARM.Collect$$libinit$$00000032)
    __rt_lib_init_exceptions_1               0x08000253   Thumb Code     0  libinit2.o(.ARM.Collect$$libinit$$00000030)
    __rt_lib_init_fp_trap_1                  0x08000253   Thumb Code     0  libinit2.o(.ARM.Collect$$libinit$$0000001F)
    __rt_lib_init_getenv_1                   0x08000253   Thumb Code     0  libinit2.o(.ARM.Collect$$libinit$$00000023)
    __rt_lib_init_heap_1                     0x08000253   Thumb Code     0  libinit2.o(.ARM.Collect$$libinit$$0000000A)
    __rt_lib_init_lc_collate_1               0x08000253   Thumb Code     0  libinit2.o(.ARM.Collect$$libinit$$00000011)
    __rt_lib_init_lc_ctype_1                 0x08000253   Thumb Code     0  libinit2.o(.ARM.Collect$$libinit$$00000013)
    __rt_lib_init_lc_monetary_1              0x08000253   Thumb Code     0  libinit2.o(.ARM.Collect$$libinit$$00000015)
    __rt_lib_init_lc_numeric_1               0x08000253   Thumb Code     0  libinit2.o(.ARM.Collect$$libinit$$00000017)
    __rt_lib_init_lc_time_1                  0x08000253   Thumb Code     0  libinit2.o(.ARM.Collect$$libinit$$00000019)
    __rt_lib_init_preinit_1                  0x08000253   Thumb Code     0  libinit2.o(.ARM.Collect$$libinit$$00000004)
    __rt_lib_init_rand_1                     0x08000253   Thumb Code     0  libinit2.o(.ARM.Collect$$libinit$$0000000E)
    __rt_lib_init_return                     0x08000253   Thumb Code     0  libinit2.o(.ARM.Collect$$libinit$$00000033)
    __rt_lib_init_signal_1                   0x08000253   Thumb Code     0  libinit2.o(.ARM.Collect$$libinit$$0000001D)
    __rt_lib_init_stdio_1                    0x08000253   Thumb Code     0  libinit2.o(.ARM.Collect$$libinit$$00000025)
    __rt_lib_init_user_alloc_1               0x08000253   Thumb Code     0  libinit2.o(.ARM.Collect$$libinit$$0000000C)
    __rt_lib_shutdown                        0x08000255   Thumb Code     0  libshutdown.o(.ARM.Collect$$libshutdown$$00000000)
    __rt_lib_shutdown_cpp_1                  0x08000257   Thumb Code     0  libshutdown2.o(.ARM.Collect$$libshutdown$$00000002)
    __rt_lib_shutdown_fp_trap_1              0x08000257   Thumb Code     0  libshutdown2.o(.ARM.Collect$$libshutdown$$00000007)
    __rt_lib_shutdown_heap_1                 0x08000257   Thumb Code     0  libshutdown2.o(.ARM.Collect$$libshutdown$$0000000F)
    __rt_lib_shutdown_return                 0x08000257   Thumb Code     0  libshutdown2.o(.ARM.Collect$$libshutdown$$00000010)
    __rt_lib_shutdown_signal_1               0x08000257   Thumb Code     0  libshutdown2.o(.ARM.Collect$$libshutdown$$0000000A)
    __rt_lib_shutdown_stdio_1                0x08000257   Thumb Code     0  libshutdown2.o(.ARM.Collect$$libshutdown$$00000004)
    __rt_lib_shutdown_user_alloc_1           0x08000257   Thumb Code     0  libshutdown2.o(.ARM.Collect$$libshutdown$$0000000C)
    __rt_entry                               0x08000259   Thumb Code     0  __rtentry.o(.ARM.Collect$$rtentry$$00000000)
    __rt_entry_presh_1                       0x08000259   Thumb Code     0  __rtentry2.o(.ARM.Collect$$rtentry$$00000002)
    __rt_entry_sh                            0x08000259   Thumb Code     0  __rtentry4.o(.ARM.Collect$$rtentry$$00000004)
    __rt_entry_li                            0x0800025f   Thumb Code     0  __rtentry2.o(.ARM.Collect$$rtentry$$0000000A)
    __rt_entry_postsh_1                      0x0800025f   Thumb Code     0  __rtentry2.o(.ARM.Collect$$rtentry$$00000009)
    __rt_entry_main                          0x08000263   Thumb Code     0  __rtentry2.o(.ARM.Collect$$rtentry$$0000000D)
    __rt_entry_postli_1                      0x08000263   Thumb Code     0  __rtentry2.o(.ARM.Collect$$rtentry$$0000000C)
    __rt_exit                                0x0800026b   Thumb Code     0  rtexit.o(.ARM.Collect$$rtexit$$00000000)
    __rt_exit_ls                             0x0800026d   Thumb Code     0  rtexit2.o(.ARM.Collect$$rtexit$$00000003)
    __rt_exit_prels_1                        0x0800026d   Thumb Code     0  rtexit2.o(.ARM.Collect$$rtexit$$00000002)
    __rt_exit_exit                           0x08000271   Thumb Code     0  rtexit2.o(.ARM.Collect$$rtexit$$00000004)
    Reset_Handler                            0x08000279   Thumb Code     8  startup_stm32g431xx.o(.text)
    NMI_Handler                              0x08000281   Thumb Code     2  startup_stm32g431xx.o(.text)
    HardFault_Handler                        0x08000283   Thumb Code     2  startup_stm32g431xx.o(.text)
    MemManage_Handler                        0x08000285   Thumb Code     2  startup_stm32g431xx.o(.text)
    BusFault_Handler                         0x08000287   Thumb Code     2  startup_stm32g431xx.o(.text)
    UsageFault_Handler                       0x08000289   Thumb Code     2  startup_stm32g431xx.o(.text)
    SVC_Handler                              0x0800028b   Thumb Code     2  startup_stm32g431xx.o(.text)
    DebugMon_Handler                         0x0800028d   Thumb Code     2  startup_stm32g431xx.o(.text)
    PendSV_Handler                           0x0800028f   Thumb Code     2  startup_stm32g431xx.o(.text)
    SysTick_Handler                          0x08000291   Thumb Code     2  startup_stm32g431xx.o(.text)
    ADC1_2_IRQHandler                        0x08000293   Thumb Code     0  startup_stm32g431xx.o(.text)
    COMP1_2_3_IRQHandler                     0x08000293   Thumb Code     0  startup_stm32g431xx.o(.text)
    COMP4_IRQHandler                         0x08000293   Thumb Code     0  startup_stm32g431xx.o(.text)
    CORDIC_IRQHandler                        0x08000293   Thumb Code     0  startup_stm32g431xx.o(.text)
    CRS_IRQHandler                           0x08000293   Thumb Code     0  startup_stm32g431xx.o(.text)
    DMA1_Channel2_IRQHandler                 0x08000293   Thumb Code     0  startup_stm32g431xx.o(.text)
    DMA1_Channel3_IRQHandler                 0x08000293   Thumb Code     0  startup_stm32g431xx.o(.text)
    DMA1_Channel4_IRQHandler                 0x08000293   Thumb Code     0  startup_stm32g431xx.o(.text)
    DMA1_Channel5_IRQHandler                 0x08000293   Thumb Code     0  startup_stm32g431xx.o(.text)
    DMA1_Channel6_IRQHandler                 0x08000293   Thumb Code     0  startup_stm32g431xx.o(.text)
    DMA2_Channel1_IRQHandler                 0x08000293   Thumb Code     0  startup_stm32g431xx.o(.text)
    DMA2_Channel2_IRQHandler                 0x08000293   Thumb Code     0  startup_stm32g431xx.o(.text)
    DMA2_Channel3_IRQHandler                 0x08000293   Thumb Code     0  startup_stm32g431xx.o(.text)
    DMA2_Channel4_IRQHandler                 0x08000293   Thumb Code     0  startup_stm32g431xx.o(.text)
    DMA2_Channel5_IRQHandler                 0x08000293   Thumb Code     0  startup_stm32g431xx.o(.text)
    DMA2_Channel6_IRQHandler                 0x08000293   Thumb Code     0  startup_stm32g431xx.o(.text)
    DMAMUX_OVR_IRQHandler                    0x08000293   Thumb Code     0  startup_stm32g431xx.o(.text)
    EXTI0_IRQHandler                         0x08000293   Thumb Code     0  startup_stm32g431xx.o(.text)
    EXTI15_10_IRQHandler                     0x08000293   Thumb Code     0  startup_stm32g431xx.o(.text)
    EXTI1_IRQHandler                         0x08000293   Thumb Code     0  startup_stm32g431xx.o(.text)
    EXTI2_IRQHandler                         0x08000293   Thumb Code     0  startup_stm32g431xx.o(.text)
    EXTI3_IRQHandler                         0x08000293   Thumb Code     0  startup_stm32g431xx.o(.text)
    EXTI4_IRQHandler                         0x08000293   Thumb Code     0  startup_stm32g431xx.o(.text)
    EXTI9_5_IRQHandler                       0x08000293   Thumb Code     0  startup_stm32g431xx.o(.text)
    FDCAN1_IT0_IRQHandler                    0x08000293   Thumb Code     0  startup_stm32g431xx.o(.text)
    FDCAN1_IT1_IRQHandler                    0x08000293   Thumb Code     0  startup_stm32g431xx.o(.text)
    FLASH_IRQHandler                         0x08000293   Thumb Code     0  startup_stm32g431xx.o(.text)
    FMAC_IRQHandler                          0x08000293   Thumb Code     0  startup_stm32g431xx.o(.text)
    FPU_IRQHandler                           0x08000293   Thumb Code     0  startup_stm32g431xx.o(.text)
    I2C1_ER_IRQHandler                       0x08000293   Thumb Code     0  startup_stm32g431xx.o(.text)
    I2C1_EV_IRQHandler                       0x08000293   Thumb Code     0  startup_stm32g431xx.o(.text)
    I2C2_ER_IRQHandler                       0x08000293   Thumb Code     0  startup_stm32g431xx.o(.text)
    I2C2_EV_IRQHandler                       0x08000293   Thumb Code     0  startup_stm32g431xx.o(.text)
    I2C3_ER_IRQHandler                       0x08000293   Thumb Code     0  startup_stm32g431xx.o(.text)
    I2C3_EV_IRQHandler                       0x08000293   Thumb Code     0  startup_stm32g431xx.o(.text)
    LPTIM1_IRQHandler                        0x08000293   Thumb Code     0  startup_stm32g431xx.o(.text)
    LPUART1_IRQHandler                       0x08000293   Thumb Code     0  startup_stm32g431xx.o(.text)
    PVD_PVM_IRQHandler                       0x08000293   Thumb Code     0  startup_stm32g431xx.o(.text)
    RCC_IRQHandler                           0x08000293   Thumb Code     0  startup_stm32g431xx.o(.text)
    RNG_IRQHandler                           0x08000293   Thumb Code     0  startup_stm32g431xx.o(.text)
    RTC_Alarm_IRQHandler                     0x08000293   Thumb Code     0  startup_stm32g431xx.o(.text)
    RTC_TAMP_LSECSS_IRQHandler               0x08000293   Thumb Code     0  startup_stm32g431xx.o(.text)
    RTC_WKUP_IRQHandler                      0x08000293   Thumb Code     0  startup_stm32g431xx.o(.text)
    SAI1_IRQHandler                          0x08000293   Thumb Code     0  startup_stm32g431xx.o(.text)
    SPI1_IRQHandler                          0x08000293   Thumb Code     0  startup_stm32g431xx.o(.text)
    SPI2_IRQHandler                          0x08000293   Thumb Code     0  startup_stm32g431xx.o(.text)
    SPI3_IRQHandler                          0x08000293   Thumb Code     0  startup_stm32g431xx.o(.text)
    TIM1_BRK_TIM15_IRQHandler                0x08000293   Thumb Code     0  startup_stm32g431xx.o(.text)
    TIM1_CC_IRQHandler                       0x08000293   Thumb Code     0  startup_stm32g431xx.o(.text)
    TIM1_TRG_COM_TIM17_IRQHandler            0x08000293   Thumb Code     0  startup_stm32g431xx.o(.text)
    TIM1_UP_TIM16_IRQHandler                 0x08000293   Thumb Code     0  startup_stm32g431xx.o(.text)
    TIM3_IRQHandler                          0x08000293   Thumb Code     0  startup_stm32g431xx.o(.text)
    TIM4_IRQHandler                          0x08000293   Thumb Code     0  startup_stm32g431xx.o(.text)
    TIM7_IRQHandler                          0x08000293   Thumb Code     0  startup_stm32g431xx.o(.text)
    TIM8_BRK_IRQHandler                      0x08000293   Thumb Code     0  startup_stm32g431xx.o(.text)
    TIM8_CC_IRQHandler                       0x08000293   Thumb Code     0  startup_stm32g431xx.o(.text)
    TIM8_TRG_COM_IRQHandler                  0x08000293   Thumb Code     0  startup_stm32g431xx.o(.text)
    TIM8_UP_IRQHandler                       0x08000293   Thumb Code     0  startup_stm32g431xx.o(.text)
    UART4_IRQHandler                         0x08000293   Thumb Code     0  startup_stm32g431xx.o(.text)
    UCPD1_IRQHandler                         0x08000293   Thumb Code     0  startup_stm32g431xx.o(.text)
    USART1_IRQHandler                        0x08000293   Thumb Code     0  startup_stm32g431xx.o(.text)
    USART2_IRQHandler                        0x08000293   Thumb Code     0  startup_stm32g431xx.o(.text)
    USART3_IRQHandler                        0x08000293   Thumb Code     0  startup_stm32g431xx.o(.text)
    USBWakeUp_IRQHandler                     0x08000293   Thumb Code     0  startup_stm32g431xx.o(.text)
    USB_HP_IRQHandler                        0x08000293   Thumb Code     0  startup_stm32g431xx.o(.text)
    USB_LP_IRQHandler                        0x08000293   Thumb Code     0  startup_stm32g431xx.o(.text)
    WWDG_IRQHandler                          0x08000293   Thumb Code     0  startup_stm32g431xx.o(.text)
    __user_initial_stackheap                 0x08000295   Thumb Code     0  startup_stm32g431xx.o(.text)
    __aeabi_memclr4                          0x080002b9   Thumb Code     0  rt_memclr_w.o(.text)
    __aeabi_memclr8                          0x080002b9   Thumb Code     0  rt_memclr_w.o(.text)
    __rt_memclr_w                            0x080002b9   Thumb Code     0  rt_memclr_w.o(.text)
    _memset_w                                0x080002bd   Thumb Code    74  rt_memclr_w.o(.text)
    __use_two_region_memory                  0x08000307   Thumb Code     2  heapauxi.o(.text)
    __rt_heap_escrow$2region                 0x08000309   Thumb Code     2  heapauxi.o(.text)
    __rt_heap_expand$2region                 0x0800030b   Thumb Code     2  heapauxi.o(.text)
    __user_setup_stackheap                   0x0800030d   Thumb Code    74  sys_stackheap_outer.o(.text)
    exit                                     0x08000357   Thumb Code    18  exit.o(.text)
    __user_libspace                          0x08000369   Thumb Code     8  libspace.o(.text)
    __user_perproc_libspace                  0x08000369   Thumb Code     0  libspace.o(.text)
    __user_perthread_libspace                0x08000369   Thumb Code     0  libspace.o(.text)
    _sys_exit                                0x08000371   Thumb Code     8  sys_exit.o(.text)
    __I$use$semihosting                      0x0800037d   Thumb Code     0  use_no_semi.o(.text)
    __use_no_semihosting_swi                 0x0800037d   Thumb Code     2  use_no_semi.o(.text)
    __semihosting_library_function           0x0800037f   Thumb Code     0  indicate_semi.o(.text)
    ADC_restart                              0x08000381   Thumb Code   110  main.o(.text.ADC_restart)
    DMA1_Channel1_IRQHandler                 0x080003f1   Thumb Code    66  dma.o(.text.DMA1_Channel1_IRQHandler)
    DMA_ADC_config                           0x08000435   Thumb Code   214  main.o(.text.DMA_ADC_config)
    Error_Handler                            0x08000581   Thumb Code    10  main.o(.text.Error_Handler)
    HAL_ADCEx_MultiModeConfigChannel         0x0800058d   Thumb Code   220  stm32g4xx_hal_adc_ex.o(.text.HAL_ADCEx_MultiModeConfigChannel)
    HAL_ADC_ConfigChannel                    0x08000669   Thumb Code   850  stm32g4xx_hal_adc.o(.text.HAL_ADC_ConfigChannel)
    HAL_ADC_Init                             0x080009bd   Thumb Code   466  stm32g4xx_hal_adc.o(.text.HAL_ADC_Init)
    HAL_ADC_MspInit                          0x08000b91   Thumb Code   192  adc.o(.text.HAL_ADC_MspInit)
    HAL_DMA_Init                             0x08000c51   Thumb Code   216  stm32g4xx_hal_dma.o(.text.HAL_DMA_Init)
    HAL_GPIO_Init                            0x08000d29   Thumb Code   414  stm32g4xx_hal_gpio.o(.text.HAL_GPIO_Init)
    HAL_GPIO_WritePin                        0x08000ec9   Thumb Code    12  stm32g4xx_hal_gpio.o(.text.HAL_GPIO_WritePin)
    HAL_GetTick                              0x08000ed5   Thumb Code    12  stm32g4xx_hal.o(.text.HAL_GetTick)
    HAL_Init                                 0x08000ee1   Thumb Code    30  stm32g4xx_hal.o(.text.HAL_Init)
    HAL_InitTick                             0x08000f01   Thumb Code    86  stm32g4xx_hal.o(.text.HAL_InitTick)
    HAL_MspInit                              0x08000f59   Thumb Code    56  stm32g4xx_hal_msp.o(.text.HAL_MspInit)
    HAL_NVIC_EnableIRQ                       0x08000f91   Thumb Code     8  stm32g4xx_hal_cortex.o(.text.HAL_NVIC_EnableIRQ)
    HAL_NVIC_SetPriority                     0x08000f99   Thumb Code    30  stm32g4xx_hal_cortex.o(.text.HAL_NVIC_SetPriority)
    HAL_NVIC_SetPriorityGrouping             0x08000fb9   Thumb Code     8  stm32g4xx_hal_cortex.o(.text.HAL_NVIC_SetPriorityGrouping)
    HAL_PWREx_ControlVoltageScaling          0x08000fc1   Thumb Code   238  stm32g4xx_hal_pwr_ex.o(.text.HAL_PWREx_ControlVoltageScaling)
    HAL_PWREx_DisableUCPDDeadBattery         0x080010b1   Thumb Code    18  stm32g4xx_hal_pwr_ex.o(.text.HAL_PWREx_DisableUCPDDeadBattery)
    HAL_RCCEx_PeriphCLKConfig                0x080010c5   Thumb Code   658  stm32g4xx_hal_rcc_ex.o(.text.HAL_RCCEx_PeriphCLKConfig)
    HAL_RCC_ClockConfig                      0x08001359   Thumb Code   518  stm32g4xx_hal_rcc.o(.text.HAL_RCC_ClockConfig)
    HAL_RCC_GetSysClockFreq                  0x08001561   Thumb Code   122  stm32g4xx_hal_rcc.o(.text.HAL_RCC_GetSysClockFreq)
    HAL_RCC_OscConfig                        0x080015dd   Thumb Code  1146  stm32g4xx_hal_rcc.o(.text.HAL_RCC_OscConfig)
    HAL_SYSTICK_Config                       0x08001a59   Thumb Code     8  stm32g4xx_hal_cortex.o(.text.HAL_SYSTICK_Config)
    HAL_TIMEx_ConfigBreakDeadTime            0x08001a61   Thumb Code   208  stm32g4xx_hal_tim_ex.o(.text.HAL_TIMEx_ConfigBreakDeadTime)
    HAL_TIMEx_EnableDeadTimePreload          0x08001b31   Thumb Code    14  stm32g4xx_hal_tim_ex.o(.text.HAL_TIMEx_EnableDeadTimePreload)
    HAL_TIMEx_MasterConfigSynchronization    0x08001b41   Thumb Code   168  stm32g4xx_hal_tim_ex.o(.text.HAL_TIMEx_MasterConfigSynchronization)
    HAL_TIM_Base_Init                        0x08001be9   Thumb Code    98  stm32g4xx_hal_tim.o(.text.HAL_TIM_Base_Init)
    HAL_TIM_Base_MspInit                     0x08001c4d   Thumb Code   158  tim.o(.text.HAL_TIM_Base_MspInit)
    HAL_TIM_ConfigClockSource                0x08001ced   Thumb Code   276  stm32g4xx_hal_tim.o(.text.HAL_TIM_ConfigClockSource)
    HAL_TIM_MspPostInit                      0x08001e01   Thumb Code   230  tim.o(.text.HAL_TIM_MspPostInit)
    HAL_TIM_PWM_ConfigChannel                0x08001ee9   Thumb Code   186  stm32g4xx_hal_tim.o(.text.HAL_TIM_PWM_ConfigChannel)
    HAL_TIM_PWM_Init                         0x08001fa5   Thumb Code    98  stm32g4xx_hal_tim.o(.text.HAL_TIM_PWM_Init)
    HAL_TIM_PWM_MspInit                      0x08002009   Thumb Code     2  stm32g4xx_hal_tim.o(.text.HAL_TIM_PWM_MspInit)
    MX_ADC1_Init                             0x08002185   Thumb Code   186  adc.o(.text.MX_ADC1_Init)
    MX_DMA_Init                              0x08002241   Thumb Code    68  dma.o(.text.MX_DMA_Init)
    MX_GPIO_Init                             0x08002285   Thumb Code   138  gpio.o(.text.MX_GPIO_Init)
    MX_TIM1_Init                             0x08002311   Thumb Code   348  tim.o(.text.MX_TIM1_Init)
    MX_TIM2_Init                             0x0800246d   Thumb Code   124  tim.o(.text.MX_TIM2_Init)
    MX_TIM6_Init                             0x080024e9   Thumb Code    84  tim.o(.text.MX_TIM6_Init)
    SystemClock_Config                       0x080025e1   Thumb Code   106  main.o(.text.SystemClock_Config)
    SystemInit                               0x0800264d   Thumb Code    18  system_stm32g4xx.o(.text.SystemInit)
    TIM1_config                              0x08002661   Thumb Code    90  main.o(.text.TIM1_config)
    TIM1_start                               0x080026bd   Thumb Code    18  main.o(.text.TIM1_start)
    TIM2_IRQHandler                          0x080026d1   Thumb Code    40  stm32g4xx_it.o(.text.TIM2_IRQHandler)
    TIM2_start                               0x080026f9   Thumb Code    28  main.o(.text.TIM2_start)
    TIM6_DAC_IRQHandler                      0x08002715   Thumb Code    62  sine.o(.text.TIM6_DAC_IRQHandler)
    TIM6_start                               0x08002755   Thumb Code    26  main.o(.text.TIM6_start)
    TIM_Base_SetConfig                       0x08002771   Thumb Code   270  stm32g4xx_hal_tim.o(.text.TIM_Base_SetConfig)
    TIM_ETR_SetConfig                        0x08002881   Thumb Code    22  stm32g4xx_hal_tim.o(.text.TIM_ETR_SetConfig)
    TIM_OC2_SetConfig                        0x08002931   Thumb Code   144  stm32g4xx_hal_tim.o(.text.TIM_OC2_SetConfig)
    calcNumMeasure                           0x08002c5d   Thumb Code    36  measure.o(.text.calcNumMeasure)
    getDuty                                  0x08002c81   Thumb Code    16  sine.o(.text.getDuty)
    main                                     0x08002c91   Thumb Code    66  main.o(.text.main)
    _fp_init                                 0x08002cd3   Thumb Code    26  fpinit.o(x$fpl$fpinit)
    __fplib_config_fpu_vfp                   0x08002ceb   Thumb Code     0  fpinit.o(x$fpl$fpinit)
    __fplib_config_pureend_doubles           0x08002ceb   Thumb Code     0  fpinit.o(x$fpl$fpinit)
    AHBPrescTable                            0x08002cec   Data          16  system_stm32g4xx.o(.rodata.AHBPrescTable)
    dutyLookupTable                          0x08002cfc   Data         512  sine.o(.rodata.dutyLookupTable)
    Region$$Table$$Base                      0x08002efc   Number         0  anon$$obj.o(Region$$Table)
    Region$$Table$$Limit                     0x08002f1c   Number         0  anon$$obj.o(Region$$Table)
    SystemCoreClock                          0x20000000   Data           4  system_stm32g4xx.o(.data.SystemCoreClock)
    phase                                    0x20000004   Data           6  sine.o(.data.phase)
    uwTickFreq                               0x2000000c   Data           4  stm32g4xx_hal.o(.data.uwTickFreq)
    uwTickPrio                               0x20000010   Data           4  stm32g4xx_hal.o(.data.uwTickPrio)
    __libspace_start                         0x20000018   Data          96  libspace.o(.bss)
    __temporary_stack_top$libspace           0x20000078   Data           0  libspace.o(.bss)
    adc_results                              0x20000078   Data         400  main.o(.bss.adc_results)
    hadc1                                    0x20000208   Data         108  adc.o(.bss.hadc1)
    hdma_adc1                                0x20000274   Data          96  adc.o(.bss.hdma_adc1)
    htim1                                    0x200002d4   Data          76  tim.o(.bss.htim1)
    htim2                                    0x20000320   Data          76  tim.o(.bss.htim2)
    htim6                                    0x2000036c   Data          76  tim.o(.bss.htim6)
    uwTick                                   0x200003b8   Data           4  stm32g4xx_hal.o(.bss.uwTick)



==============================================================================

Memory Map of the image

  Image Entry point : 0x080001d9

  Load Region LR_IROM1 (Base: 0x08000000, Size: 0x00002f38, Max: 0x00020000, ABSOLUTE)

    Execution Region ER_IROM1 (Exec base: 0x08000000, Load base: 0x08000000, Size: 0x00002f1c, Max: 0x00020000, ABSOLUTE)

    Exec Addr    Load Addr    Size         Type   Attr      Idx    E Section Name        Object

    0x08000000   0x08000000   0x000001d8   Data   RO            3    RESET               startup_stm32g431xx.o
    0x080001d8   0x080001d8   0x00000008   Code   RO         1398  * !!!main             c_w.l(__main.o)
    0x080001e0   0x080001e0   0x00000034   Code   RO         1561    !!!scatter          c_w.l(__scatter.o)
    0x08000214   0x08000214   0x0000001a   Code   RO         1563    !!handler_copy      c_w.l(__scatter_copy.o)
    0x0800022e   0x0800022e   0x00000002   PAD
    0x08000230   0x08000230   0x0000001c   Code   RO         1565    !!handler_zi        c_w.l(__scatter_zi.o)
    0x0800024c   0x0800024c   0x00000002   Code   RO         1425    .ARM.Collect$$libinit$$00000000  c_w.l(libinit.o)
    0x0800024e   0x0800024e   0x00000004   Code   RO         1431    .ARM.Collect$$libinit$$00000001  c_w.l(libinit2.o)
    0x08000252   0x08000252   0x00000000   Code   RO         1434    .ARM.Collect$$libinit$$00000004  c_w.l(libinit2.o)
    0x08000252   0x08000252   0x00000000   Code   RO         1437    .ARM.Collect$$libinit$$0000000A  c_w.l(libinit2.o)
    0x08000252   0x08000252   0x00000000   Code   RO         1439    .ARM.Collect$$libinit$$0000000C  c_w.l(libinit2.o)
    0x08000252   0x08000252   0x00000000   Code   RO         1441    .ARM.Collect$$libinit$$0000000E  c_w.l(libinit2.o)
    0x08000252   0x08000252   0x00000000   Code   RO         1444    .ARM.Collect$$libinit$$00000011  c_w.l(libinit2.o)
    0x08000252   0x08000252   0x00000000   Code   RO         1446    .ARM.Collect$$libinit$$00000013  c_w.l(libinit2.o)
    0x08000252   0x08000252   0x00000000   Code   RO         1448    .ARM.Collect$$libinit$$00000015  c_w.l(libinit2.o)
    0x08000252   0x08000252   0x00000000   Code   RO         1450    .ARM.Collect$$libinit$$00000017  c_w.l(libinit2.o)
    0x08000252   0x08000252   0x00000000   Code   RO         1452    .ARM.Collect$$libinit$$00000019  c_w.l(libinit2.o)
    0x08000252   0x08000252   0x00000000   Code   RO         1454    .ARM.Collect$$libinit$$0000001B  c_w.l(libinit2.o)
    0x08000252   0x08000252   0x00000000   Code   RO         1456    .ARM.Collect$$libinit$$0000001D  c_w.l(libinit2.o)
    0x08000252   0x08000252   0x00000000   Code   RO         1458    .ARM.Collect$$libinit$$0000001F  c_w.l(libinit2.o)
    0x08000252   0x08000252   0x00000000   Code   RO         1460    .ARM.Collect$$libinit$$00000021  c_w.l(libinit2.o)
    0x08000252   0x08000252   0x00000000   Code   RO         1462    .ARM.Collect$$libinit$$00000023  c_w.l(libinit2.o)
    0x08000252   0x08000252   0x00000000   Code   RO         1464    .ARM.Collect$$libinit$$00000025  c_w.l(libinit2.o)
    0x08000252   0x08000252   0x00000000   Code   RO         1468    .ARM.Collect$$libinit$$0000002C  c_w.l(libinit2.o)
    0x08000252   0x08000252   0x00000000   Code   RO         1470    .ARM.Collect$$libinit$$0000002E  c_w.l(libinit2.o)
    0x08000252   0x08000252   0x00000000   Code   RO         1472    .ARM.Collect$$libinit$$00000030  c_w.l(libinit2.o)
    0x08000252   0x08000252   0x00000000   Code   RO         1474    .ARM.Collect$$libinit$$00000032  c_w.l(libinit2.o)
    0x08000252   0x08000252   0x00000002   Code   RO         1475    .ARM.Collect$$libinit$$00000033  c_w.l(libinit2.o)
    0x08000254   0x08000254   0x00000002   Code   RO         1497    .ARM.Collect$$libshutdown$$00000000  c_w.l(libshutdown.o)
    0x08000256   0x08000256   0x00000000   Code   RO         1512    .ARM.Collect$$libshutdown$$00000002  c_w.l(libshutdown2.o)
    0x08000256   0x08000256   0x00000000   Code   RO         1514    .ARM.Collect$$libshutdown$$00000004  c_w.l(libshutdown2.o)
    0x08000256   0x08000256   0x00000000   Code   RO         1517    .ARM.Collect$$libshutdown$$00000007  c_w.l(libshutdown2.o)
    0x08000256   0x08000256   0x00000000   Code   RO         1520    .ARM.Collect$$libshutdown$$0000000A  c_w.l(libshutdown2.o)
    0x08000256   0x08000256   0x00000000   Code   RO         1522    .ARM.Collect$$libshutdown$$0000000C  c_w.l(libshutdown2.o)
    0x08000256   0x08000256   0x00000000   Code   RO         1525    .ARM.Collect$$libshutdown$$0000000F  c_w.l(libshutdown2.o)
    0x08000256   0x08000256   0x00000002   Code   RO         1526    .ARM.Collect$$libshutdown$$00000010  c_w.l(libshutdown2.o)
    0x08000258   0x08000258   0x00000000   Code   RO         1400    .ARM.Collect$$rtentry$$00000000  c_w.l(__rtentry.o)
    0x08000258   0x08000258   0x00000000   Code   RO         1402    .ARM.Collect$$rtentry$$00000002  c_w.l(__rtentry2.o)
    0x08000258   0x08000258   0x00000006   Code   RO         1414    .ARM.Collect$$rtentry$$00000004  c_w.l(__rtentry4.o)
    0x0800025e   0x0800025e   0x00000000   Code   RO         1404    .ARM.Collect$$rtentry$$00000009  c_w.l(__rtentry2.o)
    0x0800025e   0x0800025e   0x00000004   Code   RO         1405    .ARM.Collect$$rtentry$$0000000A  c_w.l(__rtentry2.o)
    0x08000262   0x08000262   0x00000000   Code   RO         1407    .ARM.Collect$$rtentry$$0000000C  c_w.l(__rtentry2.o)
    0x08000262   0x08000262   0x00000008   Code   RO         1408    .ARM.Collect$$rtentry$$0000000D  c_w.l(__rtentry2.o)
    0x0800026a   0x0800026a   0x00000002   Code   RO         1429    .ARM.Collect$$rtexit$$00000000  c_w.l(rtexit.o)
    0x0800026c   0x0800026c   0x00000000   Code   RO         1477    .ARM.Collect$$rtexit$$00000002  c_w.l(rtexit2.o)
    0x0800026c   0x0800026c   0x00000004   Code   RO         1478    .ARM.Collect$$rtexit$$00000003  c_w.l(rtexit2.o)
    0x08000270   0x08000270   0x00000006   Code   RO         1479    .ARM.Collect$$rtexit$$00000004  c_w.l(rtexit2.o)
    0x08000276   0x08000276   0x00000002   PAD
    0x08000278   0x08000278   0x00000040   Code   RO            4    .text               startup_stm32g431xx.o
    0x080002b8   0x080002b8   0x0000004e   Code   RO         1394    .text               c_w.l(rt_memclr_w.o)
    0x08000306   0x08000306   0x00000006   Code   RO         1396    .text               c_w.l(heapauxi.o)
    0x0800030c   0x0800030c   0x0000004a   Code   RO         1416    .text               c_w.l(sys_stackheap_outer.o)
    0x08000356   0x08000356   0x00000012   Code   RO         1418    .text               c_w.l(exit.o)
    0x08000368   0x08000368   0x00000008   Code   RO         1426    .text               c_w.l(libspace.o)
    0x08000370   0x08000370   0x0000000c   Code   RO         1487    .text               c_w.l(sys_exit.o)
    0x0800037c   0x0800037c   0x00000002   Code   RO         1502    .text               c_w.l(use_no_semi.o)
    0x0800037e   0x0800037e   0x00000000   Code   RO         1504    .text               c_w.l(indicate_semi.o)
    0x0800037e   0x0800037e   0x00000002   PAD
    0x08000380   0x08000380   0x0000006e   Code   RO           48    .text.ADC_restart   main.o
    0x080003ee   0x080003ee   0x00000002   PAD
    0x080003f0   0x080003f0   0x00000042   Code   RO           92    .text.DMA1_Channel1_IRQHandler  dma.o
    0x08000432   0x08000432   0x00000002   PAD
    0x08000434   0x08000434   0x000000d6   Code   RO           46    .text.DMA_ADC_config  main.o
    0x0800050a   0x0800050a   0x00000002   PAD
    0x0800050c   0x0800050c   0x0000004a   Code   RO          730    .text.DMA_CalcDMAMUXChannelBaseAndMask  stm32g4xx_hal_dma.o
    0x08000556   0x08000556   0x00000002   PAD
    0x08000558   0x08000558   0x00000026   Code   RO          732    .text.DMA_CalcDMAMUXRequestGenBaseAndMask  stm32g4xx_hal_dma.o
    0x0800057e   0x0800057e   0x00000002   PAD
    0x08000580   0x08000580   0x0000000a   Code   RO           54    .text.Error_Handler  main.o
    0x0800058a   0x0800058a   0x00000002   PAD
    0x0800058c   0x0800058c   0x000000dc   Code   RO          380    .text.HAL_ADCEx_MultiModeConfigChannel  stm32g4xx_hal_adc_ex.o
    0x08000668   0x08000668   0x00000352   Code   RO          220    .text.HAL_ADC_ConfigChannel  stm32g4xx_hal_adc.o
    0x080009ba   0x080009ba   0x00000002   PAD
    0x080009bc   0x080009bc   0x000001d2   Code   RO          142    .text.HAL_ADC_Init  stm32g4xx_hal_adc.o
    0x08000b8e   0x08000b8e   0x00000002   PAD
    0x08000b90   0x08000b90   0x000000c0   Code   RO           78    .text.HAL_ADC_MspInit  adc.o
    0x08000c50   0x08000c50   0x000000d8   Code   RO          728    .text.HAL_DMA_Init  stm32g4xx_hal_dma.o
    0x08000d28   0x08000d28   0x0000019e   Code   RO          678    .text.HAL_GPIO_Init  stm32g4xx_hal_gpio.o
    0x08000ec6   0x08000ec6   0x00000002   PAD
    0x08000ec8   0x08000ec8   0x0000000c   Code   RO          684    .text.HAL_GPIO_WritePin  stm32g4xx_hal_gpio.o
    0x08000ed4   0x08000ed4   0x0000000c   Code   RO          417    .text.HAL_GetTick   stm32g4xx_hal.o
    0x08000ee0   0x08000ee0   0x0000001e   Code   RO          405    .text.HAL_Init      stm32g4xx_hal.o
    0x08000efe   0x08000efe   0x00000002   PAD
    0x08000f00   0x08000f00   0x00000056   Code   RO          407    .text.HAL_InitTick  stm32g4xx_hal.o
    0x08000f56   0x08000f56   0x00000002   PAD
    0x08000f58   0x08000f58   0x00000038   Code   RO          134    .text.HAL_MspInit   stm32g4xx_hal_msp.o
    0x08000f90   0x08000f90   0x00000008   Code   RO          918    .text.HAL_NVIC_EnableIRQ  stm32g4xx_hal_cortex.o
    0x08000f98   0x08000f98   0x0000001e   Code   RO          910    .text.HAL_NVIC_SetPriority  stm32g4xx_hal_cortex.o
    0x08000fb6   0x08000fb6   0x00000002   PAD
    0x08000fb8   0x08000fb8   0x00000008   Code   RO          906    .text.HAL_NVIC_SetPriorityGrouping  stm32g4xx_hal_cortex.o
    0x08000fc0   0x08000fc0   0x000000ee   Code   RO          826    .text.HAL_PWREx_ControlVoltageScaling  stm32g4xx_hal_pwr_ex.o
    0x080010ae   0x080010ae   0x00000002   PAD
    0x080010b0   0x080010b0   0x00000012   Code   RO          896    .text.HAL_PWREx_DisableUCPDDeadBattery  stm32g4xx_hal_pwr_ex.o
    0x080010c2   0x080010c2   0x00000002   PAD
    0x080010c4   0x080010c4   0x00000292   Code   RO          532    .text.HAL_RCCEx_PeriphCLKConfig  stm32g4xx_hal_rcc_ex.o
    0x08001356   0x08001356   0x00000002   PAD
    0x08001358   0x08001358   0x00000206   Code   RO          496    .text.HAL_RCC_ClockConfig  stm32g4xx_hal_rcc.o
    0x0800155e   0x0800155e   0x00000002   PAD
    0x08001560   0x08001560   0x0000007a   Code   RO          500    .text.HAL_RCC_GetSysClockFreq  stm32g4xx_hal_rcc.o
    0x080015da   0x080015da   0x00000002   PAD
    0x080015dc   0x080015dc   0x0000047a   Code   RO          494    .text.HAL_RCC_OscConfig  stm32g4xx_hal_rcc.o
    0x08001a56   0x08001a56   0x00000002   PAD
    0x08001a58   0x08001a58   0x00000008   Code   RO          930    .text.HAL_SYSTICK_Config  stm32g4xx_hal_cortex.o
    0x08001a60   0x08001a60   0x000000d0   Code   RO         1302    .text.HAL_TIMEx_ConfigBreakDeadTime  stm32g4xx_hal_tim_ex.o
    0x08001b30   0x08001b30   0x0000000e   Code   RO         1328    .text.HAL_TIMEx_EnableDeadTimePreload  stm32g4xx_hal_tim_ex.o
    0x08001b3e   0x08001b3e   0x00000002   PAD
    0x08001b40   0x08001b40   0x000000a8   Code   RO         1300    .text.HAL_TIMEx_MasterConfigSynchronization  stm32g4xx_hal_tim_ex.o
    0x08001be8   0x08001be8   0x00000062   Code   RO          982    .text.HAL_TIM_Base_Init  stm32g4xx_hal_tim.o
    0x08001c4a   0x08001c4a   0x00000002   PAD
    0x08001c4c   0x08001c4c   0x0000009e   Code   RO          111    .text.HAL_TIM_Base_MspInit  tim.o
    0x08001cea   0x08001cea   0x00000002   PAD
    0x08001cec   0x08001cec   0x00000114   Code   RO         1178    .text.HAL_TIM_ConfigClockSource  stm32g4xx_hal_tim.o
    0x08001e00   0x08001e00   0x000000e6   Code   RO          105    .text.HAL_TIM_MspPostInit  tim.o
    0x08001ee6   0x08001ee6   0x00000002   PAD
    0x08001ee8   0x08001ee8   0x000000ba   Code   RO         1152    .text.HAL_TIM_PWM_ConfigChannel  stm32g4xx_hal_tim.o
    0x08001fa2   0x08001fa2   0x00000002   PAD
    0x08001fa4   0x08001fa4   0x00000062   Code   RO         1036    .text.HAL_TIM_PWM_Init  stm32g4xx_hal_tim.o
    0x08002006   0x08002006   0x00000002   PAD
    0x08002008   0x08002008   0x00000002   Code   RO         1038    .text.HAL_TIM_PWM_MspInit  stm32g4xx_hal_tim.o
    0x0800200a   0x0800200a   0x00000002   PAD
    0x0800200c   0x0800200c   0x00000010   Code   RO          148    .text.LL_ADC_DisableDeepPowerDown  stm32g4xx_hal_adc.o
    0x0800201c   0x0800201c   0x00000014   Code   RO          152    .text.LL_ADC_EnableInternalRegulator  stm32g4xx_hal_adc.o
    0x08002030   0x08002030   0x00000010   Code   RO          240    .text.LL_ADC_GetCommonPathInternalCh  stm32g4xx_hal_adc.o
    0x08002040   0x08002040   0x0000000c   Code   RO          234    .text.LL_ADC_GetOffsetChannel  stm32g4xx_hal_adc.o
    0x0800204c   0x0800204c   0x00000008   Code   RO          160    .text.LL_ADC_INJ_IsConversionOngoing  stm32g4xx_hal_adc.o
    0x08002054   0x08002054   0x00000008   Code   RO          146    .text.LL_ADC_IsDeepPowerDownEnabled  stm32g4xx_hal_adc.o
    0x0800205c   0x0800205c   0x00000008   Code   RO          156    .text.LL_ADC_IsEnabled  stm32g4xx_hal_adc.o
    0x08002064   0x08002064   0x00000008   Code   RO          306    .text.LL_ADC_IsEnabled  stm32g4xx_hal_adc_ex.o
    0x0800206c   0x0800206c   0x00000008   Code   RO          150    .text.LL_ADC_IsInternalRegulatorEnabled  stm32g4xx_hal_adc.o
    0x08002074   0x08002074   0x00000008   Code   RO          154    .text.LL_ADC_REG_IsConversionOngoing  stm32g4xx_hal_adc.o
    0x0800207c   0x0800207c   0x00000008   Code   RO          302    .text.LL_ADC_REG_IsConversionOngoing  stm32g4xx_hal_adc_ex.o
    0x08002084   0x08002084   0x00000026   Code   RO          222    .text.LL_ADC_REG_SetSequencerRanks  stm32g4xx_hal_adc.o
    0x080020aa   0x080020aa   0x00000002   PAD
    0x080020ac   0x080020ac   0x00000022   Code   RO          224    .text.LL_ADC_SetChannelSamplingTime  stm32g4xx_hal_adc.o
    0x080020ce   0x080020ce   0x00000002   PAD
    0x080020d0   0x080020d0   0x0000002a   Code   RO          238    .text.LL_ADC_SetChannelSingleDiff  stm32g4xx_hal_adc.o
    0x080020fa   0x080020fa   0x00000002   PAD
    0x080020fc   0x080020fc   0x00000014   Code   RO          158    .text.LL_ADC_SetCommonClock  stm32g4xx_hal_adc.o
    0x08002110   0x08002110   0x00000014   Code   RO          242    .text.LL_ADC_SetCommonPathInternalCh  stm32g4xx_hal_adc.o
    0x08002124   0x08002124   0x00000024   Code   RO          228    .text.LL_ADC_SetOffset  stm32g4xx_hal_adc.o
    0x08002148   0x08002148   0x00000010   Code   RO          232    .text.LL_ADC_SetOffsetSaturation  stm32g4xx_hal_adc.o
    0x08002158   0x08002158   0x00000010   Code   RO          230    .text.LL_ADC_SetOffsetSign  stm32g4xx_hal_adc.o
    0x08002168   0x08002168   0x0000000e   Code   RO          236    .text.LL_ADC_SetOffsetState  stm32g4xx_hal_adc.o
    0x08002176   0x08002176   0x00000002   PAD
    0x08002178   0x08002178   0x0000000c   Code   RO          226    .text.LL_ADC_SetSamplingTimeCommonConfig  stm32g4xx_hal_adc.o
    0x08002184   0x08002184   0x000000ba   Code   RO           76    .text.MX_ADC1_Init  adc.o
    0x0800223e   0x0800223e   0x00000002   PAD
    0x08002240   0x08002240   0x00000044   Code   RO           94    .text.MX_DMA_Init   dma.o
    0x08002284   0x08002284   0x0000008a   Code   RO           67    .text.MX_GPIO_Init  gpio.o
    0x0800230e   0x0800230e   0x00000002   PAD
    0x08002310   0x08002310   0x0000015c   Code   RO          103    .text.MX_TIM1_Init  tim.o
    0x0800246c   0x0800246c   0x0000007c   Code   RO          107    .text.MX_TIM2_Init  tim.o
    0x080024e8   0x080024e8   0x00000054   Code   RO          109    .text.MX_TIM6_Init  tim.o
    0x0800253c   0x0800253c   0x0000002c   Code   RO          916    .text.NVIC_EncodePriority  stm32g4xx_hal_cortex.o
    0x08002568   0x08002568   0x00000048   Code   RO          498    .text.RCC_GetSysClockFreqFromPLLSource  stm32g4xx_hal_rcc.o
    0x080025b0   0x080025b0   0x0000002e   Code   RO          932    .text.SysTick_Config  stm32g4xx_hal_cortex.o
    0x080025de   0x080025de   0x00000002   PAD
    0x080025e0   0x080025e0   0x0000006a   Code   RO           52    .text.SystemClock_Config  main.o
    0x0800264a   0x0800264a   0x00000002   PAD
    0x0800264c   0x0800264c   0x00000012   Code   RO         1378    .text.SystemInit    system_stm32g4xx.o
    0x0800265e   0x0800265e   0x00000002   PAD
    0x08002660   0x08002660   0x0000005a   Code   RO           42    .text.TIM1_config   main.o
    0x080026ba   0x080026ba   0x00000002   PAD
    0x080026bc   0x080026bc   0x00000012   Code   RO           44    .text.TIM1_start    main.o
    0x080026ce   0x080026ce   0x00000002   PAD
    0x080026d0   0x080026d0   0x00000028   Code   RO          126    .text.TIM2_IRQHandler  stm32g4xx_it.o
    0x080026f8   0x080026f8   0x0000001c   Code   RO           40    .text.TIM2_start    main.o
    0x08002714   0x08002714   0x0000003e   Code   RO           13    .text.TIM6_DAC_IRQHandler  sine.o
    0x08002752   0x08002752   0x00000002   PAD
    0x08002754   0x08002754   0x0000001a   Code   RO           36    .text.TIM6_start    main.o
    0x0800276e   0x0800276e   0x00000002   PAD
    0x08002770   0x08002770   0x0000010e   Code   RO          986    .text.TIM_Base_SetConfig  stm32g4xx_hal_tim.o
    0x0800287e   0x0800287e   0x00000002   PAD
    0x08002880   0x08002880   0x00000016   Code   RO         1176    .text.TIM_ETR_SetConfig  stm32g4xx_hal_tim.o
    0x08002896   0x08002896   0x00000002   PAD
    0x08002898   0x08002898   0x00000016   Code   RO         1182    .text.TIM_ITRx_SetConfig  stm32g4xx_hal_tim.o
    0x080028ae   0x080028ae   0x00000002   PAD
    0x080028b0   0x080028b0   0x0000007e   Code   RO         1130    .text.TIM_OC1_SetConfig  stm32g4xx_hal_tim.o
    0x0800292e   0x0800292e   0x00000002   PAD
    0x08002930   0x08002930   0x00000090   Code   RO         1132    .text.TIM_OC2_SetConfig  stm32g4xx_hal_tim.o
    0x080029c0   0x080029c0   0x00000090   Code   RO         1134    .text.TIM_OC3_SetConfig  stm32g4xx_hal_tim.o
    0x08002a50   0x08002a50   0x00000090   Code   RO         1136    .text.TIM_OC4_SetConfig  stm32g4xx_hal_tim.o
    0x08002ae0   0x08002ae0   0x0000005e   Code   RO         1138    .text.TIM_OC5_SetConfig  stm32g4xx_hal_tim.o
    0x08002b3e   0x08002b3e   0x00000002   PAD
    0x08002b40   0x08002b40   0x00000060   Code   RO         1140    .text.TIM_OC6_SetConfig  stm32g4xx_hal_tim.o
    0x08002ba0   0x08002ba0   0x00000022   Code   RO         1180    .text.TIM_TI1_ConfigInputStage  stm32g4xx_hal_tim.o
    0x08002bc2   0x08002bc2   0x00000002   PAD
    0x08002bc4   0x08002bc4   0x00000024   Code   RO         1184    .text.TIM_TI2_ConfigInputStage  stm32g4xx_hal_tim.o
    0x08002be8   0x08002be8   0x00000020   Code   RO          920    .text.__NVIC_EnableIRQ  stm32g4xx_hal_cortex.o
    0x08002c08   0x08002c08   0x00000010   Code   RO          912    .text.__NVIC_GetPriorityGrouping  stm32g4xx_hal_cortex.o
    0x08002c18   0x08002c18   0x00000022   Code   RO          914    .text.__NVIC_SetPriority  stm32g4xx_hal_cortex.o
    0x08002c3a   0x08002c3a   0x00000002   PAD
    0x08002c3c   0x08002c3c   0x00000020   Code   RO          908    .text.__NVIC_SetPriorityGrouping  stm32g4xx_hal_cortex.o
    0x08002c5c   0x08002c5c   0x00000024   Code   RO           27    .text.calcNumMeasure  measure.o
    0x08002c80   0x08002c80   0x00000010   Code   RO           11    .text.getDuty       sine.o
    0x08002c90   0x08002c90   0x00000042   Code   RO           50    .text.main          main.o
    0x08002cd2   0x08002cd2   0x0000001a   Code   RO         1485    x$fpl$fpinit        fz_wm.l(fpinit.o)
    0x08002cec   0x08002cec   0x00000010   Data   RO         1383    .rodata.AHBPrescTable  system_stm32g4xx.o
    0x08002cfc   0x08002cfc   0x00000200   Data   RO           18    .rodata.dutyLookupTable  sine.o
    0x08002efc   0x08002efc   0x00000020   Data   RO         1560    Region$$Table       anon$$obj.o


    Execution Region RW_IRAM1 (Exec base: 0x20000000, Load base: 0x08002f20, Size: 0x000009c0, Max: 0x00008000, ABSOLUTE)

    Exec Addr    Load Addr    Size         Type   Attr      Idx    E Section Name        Object

    0x20000000   0x08002f20   0x00000004   Data   RW         1382    .data.SystemCoreClock  system_stm32g4xx.o
    0x20000004   0x08002f24   0x00000006   Data   RW           17    .data.phase         sine.o
    0x2000000a   0x08002f2a   0x00000002   PAD
    0x2000000c   0x08002f2c   0x00000004   Data   RW          482    .data.uwTickFreq    stm32g4xx_hal.o
    0x20000010   0x08002f30   0x00000004   Data   RW          481    .data.uwTickPrio    stm32g4xx_hal.o
    0x20000014   0x08002f34   0x00000004   PAD
    0x20000018        -       0x00000060   Zero   RW         1427    .bss                c_w.l(libspace.o)
    0x20000078        -       0x00000190   Zero   RW           56    .bss.adc_results    main.o
    0x20000208        -       0x0000006c   Zero   RW           82    .bss.hadc1          adc.o
    0x20000274        -       0x00000060   Zero   RW           83    .bss.hdma_adc1      adc.o
    0x200002d4        -       0x0000004c   Zero   RW          115    .bss.htim1          tim.o
    0x20000320        -       0x0000004c   Zero   RW          116    .bss.htim2          tim.o
    0x2000036c        -       0x0000004c   Zero   RW          117    .bss.htim6          tim.o
    0x200003b8        -       0x00000004   Zero   RW          483    .bss.uwTick         stm32g4xx_hal.o
    0x200003bc   0x08002f34   0x00000004   PAD
    0x200003c0        -       0x00000200   Zero   RW            2    HEAP                startup_stm32g431xx.o
    0x200005c0        -       0x00000400   Zero   RW            1    STACK               startup_stm32g431xx.o


==============================================================================

Image component sizes


      Code (inc. data)   RO Data    RW Data    ZI Data      Debug   Object Name

       378          0          0          0        204       7181   adc.o
       134          0          0          0          0       3765   dma.o
       138          0          0          0          0       2350   gpio.o
       668          0          0          0        400       4597   main.o
        36          0          0          0          0       1378   measure.o
        78          0        512          6          0       1803   sine.o
        64         26        472          0       1536        820   startup_stm32g431xx.o
       128          0          0          8          4       8841   stm32g4xx_hal.o
      1668          0          0          0          0      23710   stm32g4xx_hal_adc.o
       236          0          0          0          0      21203   stm32g4xx_hal_adc_ex.o
       258          0          0          0          0      10680   stm32g4xx_hal_cortex.o
       328          0          0          0          0       8596   stm32g4xx_hal_dma.o
       426          0          0          0          0       5356   stm32g4xx_hal_gpio.o
        56          0          0          0          0       1586   stm32g4xx_hal_msp.o
       256          0          0          0          0       9500   stm32g4xx_hal_pwr_ex.o
      1858          0          0          0          0       9197   stm32g4xx_hal_rcc.o
       658          0          0          0          0      10601   stm32g4xx_hal_rcc_ex.o
      1792          6          0          0          0      49082   stm32g4xx_hal_tim.o
       390          0          0          0          0      27487   stm32g4xx_hal_tim_ex.o
        40          0          0          0          0       1508   stm32g4xx_it.o
        18          0         16          4          0       2737   system_stm32g4xx.o
       944          0          0          0        228       9953   tim.o

    ----------------------------------------------------------------------
     10642         32       1032         20       2380     221931   Object Totals
         0          0         32          0          0          0   (incl. Generated)
        90          0          0          2          8          0   (incl. Padding)

    ----------------------------------------------------------------------

      Code (inc. data)   RO Data    RW Data    ZI Data      Debug   Library Member Name

         8          0          0          0          0         68   __main.o
         0          0          0          0          0          0   __rtentry.o
        12          0          0          0          0          0   __rtentry2.o
         6          0          0          0          0          0   __rtentry4.o
        52          8          0          0          0          0   __scatter.o
        26          0          0          0          0          0   __scatter_copy.o
        28          0          0          0          0          0   __scatter_zi.o
        18          0          0          0          0         80   exit.o
         6          0          0          0          0        152   heapauxi.o
         0          0          0          0          0          0   indicate_semi.o
         2          0          0          0          0          0   libinit.o
         6          0          0          0          0          0   libinit2.o
         2          0          0          0          0          0   libshutdown.o
         2          0          0          0          0          0   libshutdown2.o
         8          4          0          0         96         68   libspace.o
        78          0          0          0          0         80   rt_memclr_w.o
         2          0          0          0          0          0   rtexit.o
        10          0          0          0          0          0   rtexit2.o
        12          4          0          0          0         68   sys_exit.o
        74          0          0          0          0         80   sys_stackheap_outer.o
         2          0          0          0          0         68   use_no_semi.o
        26          0          0          0          0        116   fpinit.o

    ----------------------------------------------------------------------
       386         16          0          0         96        780   Library Totals
         6          0          0          0          0          0   (incl. Padding)

    ----------------------------------------------------------------------

      Code (inc. data)   RO Data    RW Data    ZI Data      Debug   Library Name

       354         16          0          0         96        664   c_w.l
        26          0          0          0          0        116   fz_wm.l

    ----------------------------------------------------------------------
       386         16          0          0         96        780   Library Totals

    ----------------------------------------------------------------------

==============================================================================


      Code (inc. data)   RO Data    RW Data    ZI Data      Debug   

     11028         48       1032         20       2476     222103   Grand Totals
     11028         48       1032         20       2476     222103   ELF Image Totals
     11028         48       1032         20          0          0   ROM Totals

==============================================================================

    Total RO  Size (Code + RO Data)                12060 (  11.78kB)
    Total RW  Size (RW Data + ZI Data)              2496 (   2.44kB)
    Total ROM Size (Code + RO Data + RW Data)      12080 (  11.80kB)

==============================================================================

